#
# There is insufficient memory for the Java Runtime Environment to continue.
# Native memory allocation (malloc) failed to allocate 65552 bytes for Chunk::new
# Possible reasons:
#   The system is out of physical RAM or swap space
#   The process is running with CompressedOops enabled, and the Java Heap may be blocking the growth of the native heap
# Possible solutions:
#   Reduce memory load on the system
#   Increase physical memory or swap space
#   Check if swap backing store is full
#   Decrease Java heap size (-Xmx/-Xms)
#   Decrease number of Java threads
#   Decrease Java thread stack sizes (-Xss)
#   Set larger code cache with -XX:ReservedCodeCacheSize=
#   JVM is running with Unscaled Compressed Oops mode in which the Java heap is
#     placed in the first 4GB address space. The Java Heap base address is the
#     maximum limit for the native heap growth. Please use -XX:HeapBaseMinAddress
#     to set the Java Heap base and to place the Java Heap above 4GB virtual address.
# This output file may be truncated or incomplete.
#
#  Out of Memory Error (arena.cpp:189), pid=7968, tid=2636
#
# JRE version: OpenJDK Runtime Environment (17.0.7) (build 17.0.7+0-b2043.56-10550314)
# Java VM: OpenJDK 64-Bit Server VM (17.0.7+0-b2043.56-10550314, mixed mode, tiered, compressed oops, compressed class ptrs, g1 gc, windows-amd64)
# No core dump will be written. Minidumps are not enabled by default on client versions of Windows
#

---------------  S U M M A R Y ------------

Command Line: --add-opens=java.base/java.util=ALL-UNNAMED --add-opens=java.base/java.lang=ALL-UNNAMED --add-opens=java.base/java.lang.invoke=ALL-UNNAMED --add-opens=java.prefs/java.util.prefs=ALL-UNNAMED --add-opens=java.base/java.nio.charset=ALL-UNNAMED --add-opens=java.base/java.net=ALL-UNNAMED --add-opens=java.base/java.util.concurrent.atomic=ALL-UNNAMED -Xmx2048m -Dfile.encoding=UTF-8 -Duser.country=US -Duser.language=en -Duser.variant -javaagent:C:\Users\Minha Rehman\.gradle\wrapper\dists\gradle-8.2-bin\bbg7u40eoinfdyxsxr3z4i7ta\gradle-8.2\lib\agents\gradle-instrumentation-agent-8.2.jar org.gradle.launcher.daemon.bootstrap.GradleDaemon 8.2

Host: 11th Gen Intel(R) Core(TM) i5-1135G7 @ 2.40GHz, 8 cores, 7G,  Windows 11 , 64 bit Build 22621 (10.0.22621.2506)
Time: Mon Feb 12 21:45:45 2024 Pakistan Standard Time elapsed time: 5.820078 seconds (0d 0h 0m 5s)

---------------  T H R E A D  ---------------

Current thread (0x0000024768356400):  JavaThread "C2 CompilerThread0" daemon [_thread_in_native, id=2636, stack(0x000000bfd1700000,0x000000bfd1800000)]


Current CompileTask:
C2:   5820 6347   !   4       java.net.URLClassLoader::findClass (47 bytes)

Stack: [0x000000bfd1700000,0x000000bfd1800000]
Native frames: (J=compiled Java code, j=interpreted, Vv=VM code, C=native code)
V  [jvm.dll+0x683bfa]
V  [jvm.dll+0x8430a4]
V  [jvm.dll+0x8449be]
V  [jvm.dll+0x845023]
V  [jvm.dll+0x24ad2f]
V  [jvm.dll+0xac25c]
V  [jvm.dll+0xac82c]
V  [jvm.dll+0xac36b]
V  [jvm.dll+0x66102c]
V  [jvm.dll+0x58bf4f]
V  [jvm.dll+0x225a12]
V  [jvm.dll+0x21e91f]
V  [jvm.dll+0x21c56b]
V  [jvm.dll+0x1a605d]
V  [jvm.dll+0x22c148]
V  [jvm.dll+0x22a209]
V  [jvm.dll+0x7f858c]
V  [jvm.dll+0x7f2aea]
V  [jvm.dll+0x682a35]
C  [ucrtbase.dll+0x29363]
C  [KERNEL32.DLL+0x1257d]
C  [ntdll.dll+0x5aa58]


---------------  P R O C E S S  ---------------

Threads class SMR info:
_java_thread_list=0x0000024771b4d830, length=53, elements={
0x000002474c3d6d70, 0x0000024768345010, 0x00000247683459d0, 0x00000247681fd290,
0x00000247681fdc50, 0x00000247681fe610, 0x0000024768355600, 0x0000024768356400,
0x00000247683615d0, 0x0000024768365620, 0x00000247684a6f60, 0x00000247686489a0,
0x00000247686d6d60, 0x000002476d88a430, 0x000002476e85bd80, 0x000002476e85f270,
0x000002476e85f740, 0x000002476e85c720, 0x000002476e85cbf0, 0x000002476e85eda0,
0x000002476e85c250, 0x000002476e85d0c0, 0x000002476e85d590, 0x000002476e85df30,
0x000002476e85e400, 0x000002476e85e8d0, 0x000002476f1c6050, 0x000002477011bfd0,
0x0000024770118610, 0x000002477011c970, 0x0000024770118140, 0x00000247701172d0,
0x000002477011a7c0, 0x000002477011b630, 0x0000024770118fb0, 0x000002477011ce40,
0x000002477011d310, 0x0000024770116930, 0x000002477011bb00, 0x00000247701177a0,
0x0000024770118ae0, 0x000002477011d7e0, 0x0000024770115f90, 0x0000024770119950,
0x000002477011a2f0, 0x0000024772000340, 0x0000024771fff000, 0x0000024772003360,
0x0000024771ffe190, 0x0000024771fff4d0, 0x0000024771ffe660, 0x0000024772000ce0,
0x00000247720011b0
}

Java Threads: ( => current thread )
  0x000002474c3d6d70 JavaThread "main" [_thread_blocked, id=14684, stack(0x000000bfd0a00000,0x000000bfd0b00000)]
  0x0000024768345010 JavaThread "Reference Handler" daemon [_thread_blocked, id=15944, stack(0x000000bfd1100000,0x000000bfd1200000)]
  0x00000247683459d0 JavaThread "Finalizer" daemon [_thread_blocked, id=12488, stack(0x000000bfd1200000,0x000000bfd1300000)]
  0x00000247681fd290 JavaThread "Signal Dispatcher" daemon [_thread_blocked, id=2480, stack(0x000000bfd1300000,0x000000bfd1400000)]
  0x00000247681fdc50 JavaThread "Attach Listener" daemon [_thread_blocked, id=10028, stack(0x000000bfd1400000,0x000000bfd1500000)]
  0x00000247681fe610 JavaThread "Service Thread" daemon [_thread_blocked, id=11820, stack(0x000000bfd1500000,0x000000bfd1600000)]
  0x0000024768355600 JavaThread "Monitor Deflation Thread" daemon [_thread_blocked, id=19208, stack(0x000000bfd1600000,0x000000bfd1700000)]
=>0x0000024768356400 JavaThread "C2 CompilerThread0" daemon [_thread_in_native, id=2636, stack(0x000000bfd1700000,0x000000bfd1800000)]
  0x00000247683615d0 JavaThread "C1 CompilerThread0" daemon [_thread_blocked, id=2008, stack(0x000000bfd1800000,0x000000bfd1900000)]
  0x0000024768365620 JavaThread "Sweeper thread" daemon [_thread_blocked, id=7744, stack(0x000000bfd1900000,0x000000bfd1a00000)]
  0x00000247684a6f60 JavaThread "Common-Cleaner" daemon [_thread_blocked, id=2320, stack(0x000000bfd1a00000,0x000000bfd1b00000)]
  0x00000247686489a0 JavaThread "Notification Thread" daemon [_thread_blocked, id=17412, stack(0x000000bfd1b00000,0x000000bfd1c00000)]
  0x00000247686d6d60 JavaThread "C2 CompilerThread1" daemon [_thread_blocked, id=10672, stack(0x000000bfd1d00000,0x000000bfd1e00000)]
  0x000002476d88a430 JavaThread "Daemon health stats" [_thread_blocked, id=5064, stack(0x000000bfd2300000,0x000000bfd2400000)]
  0x000002476e85bd80 JavaThread "Incoming local TCP Connector on port 50200" [_thread_in_native, id=17944, stack(0x000000bfd2200000,0x000000bfd2300000)]
  0x000002476e85f270 JavaThread "Daemon periodic checks" [_thread_blocked, id=10060, stack(0x000000bfd2400000,0x000000bfd2500000)]
  0x000002476e85f740 JavaThread "Daemon" [_thread_blocked, id=15084, stack(0x000000bfd2500000,0x000000bfd2600000)]
  0x000002476e85c720 JavaThread "Handler for socket connection from /127.0.0.1:50200 to /127.0.0.1:50201" [_thread_in_native, id=4480, stack(0x000000bfd2600000,0x000000bfd2700000)]
  0x000002476e85cbf0 JavaThread "Cancel handler" [_thread_blocked, id=11804, stack(0x000000bfd2700000,0x000000bfd2800000)]
  0x000002476e85eda0 JavaThread "Daemon worker" [_thread_in_vm, id=1572, stack(0x000000bfd2800000,0x000000bfd2900000)]
  0x000002476e85c250 JavaThread "Asynchronous log dispatcher for DefaultDaemonConnection: socket connection from /127.0.0.1:50200 to /127.0.0.1:50201" [_thread_blocked, id=2156, stack(0x000000bfd2900000,0x000000bfd2a00000)]
  0x000002476e85d0c0 JavaThread "Stdin handler" [_thread_blocked, id=13788, stack(0x000000bfd2a00000,0x000000bfd2b00000)]
  0x000002476e85d590 JavaThread "Daemon client event forwarder" [_thread_blocked, id=9496, stack(0x000000bfd2b00000,0x000000bfd2c00000)]
  0x000002476e85df30 JavaThread "Cache worker for journal cache (C:\Users\Minha Rehman\.gradle\caches\journal-1)" [_thread_blocked, id=14784, stack(0x000000bfd3000000,0x000000bfd3100000)]
  0x000002476e85e400 JavaThread "File lock request listener" [_thread_in_native, id=17652, stack(0x000000bfd3100000,0x000000bfd3200000)]
  0x000002476e85e8d0 JavaThread "Cache worker for file hash cache (C:\Users\Minha Rehman\.gradle\caches\8.2\fileHashes)" [_thread_blocked, id=6588, stack(0x000000bfd3200000,0x000000bfd3300000)]
  0x000002476f1c6050 JavaThread "C2 CompilerThread2" daemon [_thread_blocked, id=14320, stack(0x000000bfd3300000,0x000000bfd3400000)]
  0x000002477011bfd0 JavaThread "File watcher server" daemon [_thread_in_native, id=14192, stack(0x000000bfd3400000,0x000000bfd3500000)]
  0x0000024770118610 JavaThread "File watcher consumer" daemon [_thread_blocked, id=16460, stack(0x000000bfd3500000,0x000000bfd3600000)]
  0x000002477011c970 JavaThread "jar transforms" [_thread_blocked, id=19236, stack(0x000000bfd3600000,0x000000bfd3700000)]
  0x0000024770118140 JavaThread "jar transforms Thread 2" [_thread_blocked, id=1992, stack(0x000000bfd3700000,0x000000bfd3800000)]
  0x00000247701172d0 JavaThread "jar transforms Thread 3" [_thread_blocked, id=11296, stack(0x000000bfd3800000,0x000000bfd3900000)]
  0x000002477011a7c0 JavaThread "jar transforms Thread 4" [_thread_blocked, id=15908, stack(0x000000bfd3900000,0x000000bfd3a00000)]
  0x000002477011b630 JavaThread "jar transforms Thread 5" [_thread_blocked, id=7032, stack(0x000000bfd3a00000,0x000000bfd3b00000)]
  0x0000024770118fb0 JavaThread "jar transforms Thread 6" [_thread_blocked, id=2244, stack(0x000000bfd3b00000,0x000000bfd3c00000)]
  0x000002477011ce40 JavaThread "jar transforms Thread 7" [_thread_blocked, id=16580, stack(0x000000bfd3c00000,0x000000bfd3d00000)]
  0x000002477011d310 JavaThread "jar transforms Thread 8" [_thread_blocked, id=6064, stack(0x000000bfd3d00000,0x000000bfd3e00000)]
  0x0000024770116930 JavaThread "Cache worker for checksums cache (C:\Users\Minha Rehman\AndroidStudioProjects\Library\.gradle\8.2\checksums)" [_thread_blocked, id=2968, stack(0x000000bfd3e00000,0x000000bfd3f00000)]
  0x000002477011bb00 JavaThread "Cache worker for cache directory md-rule (C:\Users\Minha Rehman\.gradle\caches\8.2\md-rule)" [_thread_blocked, id=20336, stack(0x000000bfd3f00000,0x000000bfd4000000)]
  0x00000247701177a0 JavaThread "Cache worker for file content cache (C:\Users\Minha Rehman\.gradle\caches\8.2\fileContent)" [_thread_blocked, id=13944, stack(0x000000bfd4000000,0x000000bfd4100000)]
  0x0000024770118ae0 JavaThread "Cache worker for file hash cache (C:\Users\Minha Rehman\AndroidStudioProjects\Library\.gradle\8.2\fileHashes)" [_thread_blocked, id=3872, stack(0x000000bfd4100000,0x000000bfd4200000)]
  0x000002477011d7e0 JavaThread "Cache worker for cache directory md-supplier (C:\Users\Minha Rehman\.gradle\caches\8.2\md-supplier)" [_thread_blocked, id=18564, stack(0x000000bfd4200000,0x000000bfd4300000)]
  0x0000024770115f90 JavaThread "Cache worker for execution history cache (C:\Users\Minha Rehman\.gradle\caches\8.2\executionHistory)" [_thread_blocked, id=7260, stack(0x000000bfd4300000,0x000000bfd4400000)]
  0x0000024770119950 JavaThread "Cache worker for kotlin-dsl (C:\Users\Minha Rehman\.gradle\caches\8.2\kotlin-dsl)" [_thread_blocked, id=3912, stack(0x000000bfd4400000,0x000000bfd4500000)]
  0x000002477011a2f0 JavaThread "Cache worker for dependencies-accessors (C:\Users\Minha Rehman\AndroidStudioProjects\Library\.gradle\8.2\dependencies-accessors)" [_thread_blocked, id=16760, stack(0x000000bfd4500000,0x000000bfd4600000)]
  0x0000024772000340 JavaThread "Cache worker for Build Output Cleanup Cache (C:\Users\Minha Rehman\AndroidStudioProjects\Library\.gradle\buildOutputCleanup)" [_thread_blocked, id=9876, stack(0x000000bfd4600000,0x000000bfd4700000)]
  0x0000024771fff000 JavaThread "Unconstrained build operations" [_thread_blocked, id=9276, stack(0x000000bfd4700000,0x000000bfd4800000)]
  0x0000024772003360 JavaThread "Unconstrained build operations Thread 2" [_thread_blocked, id=13448, stack(0x000000bfd4800000,0x000000bfd4900000)]
  0x0000024771ffe190 JavaThread "Unconstrained build operations Thread 3" [_thread_blocked, id=17404, stack(0x000000bfd4900000,0x000000bfd4a00000)]
  0x0000024771fff4d0 JavaThread "Unconstrained build operations Thread 4" [_thread_blocked, id=16600, stack(0x000000bfd4a00000,0x000000bfd4b00000)]
  0x0000024771ffe660 JavaThread "Unconstrained build operations Thread 5" [_thread_blocked, id=2928, stack(0x000000bfd4b00000,0x000000bfd4c00000)]
  0x0000024772000ce0 JavaThread "Unconstrained build operations Thread 6" [_thread_blocked, id=2988, stack(0x000000bfd4c00000,0x000000bfd4d00000)]
  0x00000247720011b0 JavaThread "Unconstrained build operations Thread 7" [_thread_blocked, id=16592, stack(0x000000bfd4d00000,0x000000bfd4e00000)]

Other Threads:
  0x0000024768333a30 VMThread "VM Thread" [stack: 0x000000bfd1000000,0x000000bfd1100000] [id=1244]
  0x000002474c44c3c0 WatcherThread [stack: 0x000000bfd1c00000,0x000000bfd1d00000] [id=15508]
  0x000002474c22e7c0 GCTaskThread "GC Thread#0" [stack: 0x000000bfd0b00000,0x000000bfd0c00000] [id=16812]
  0x000002476dd45680 GCTaskThread "GC Thread#1" [stack: 0x000000bfd1e00000,0x000000bfd1f00000] [id=17200]
  0x000002476dd49200 GCTaskThread "GC Thread#2" [stack: 0x000000bfd1f00000,0x000000bfd2000000] [id=6920]
  0x000002476db2b2d0 GCTaskThread "GC Thread#3" [stack: 0x000000bfd2000000,0x000000bfd2100000] [id=17580]
  0x000002476dacf180 GCTaskThread "GC Thread#4" [stack: 0x000000bfd2100000,0x000000bfd2200000] [id=12844]
  0x000002476e55b590 GCTaskThread "GC Thread#5" [stack: 0x000000bfd2c00000,0x000000bfd2d00000] [id=19784]
  0x000002476f38d240 GCTaskThread "GC Thread#6" [stack: 0x000000bfd2d00000,0x000000bfd2e00000] [id=19928]
  0x000002476ebfa4e0 GCTaskThread "GC Thread#7" [stack: 0x000000bfd2e00000,0x000000bfd2f00000] [id=17088]
  0x000002474c43fd80 ConcurrentGCThread "G1 Main Marker" [stack: 0x000000bfd0c00000,0x000000bfd0d00000] [id=17884]
  0x000002474c440e40 ConcurrentGCThread "G1 Conc#0" [stack: 0x000000bfd0d00000,0x000000bfd0e00000] [id=12936]
  0x000002476e81aa40 ConcurrentGCThread "G1 Conc#1" [stack: 0x000000bfd2f00000,0x000000bfd3000000] [id=6544]
  0x000002474c48c790 ConcurrentGCThread "G1 Refine#0" [stack: 0x000000bfd0e00000,0x000000bfd0f00000] [id=4400]
  0x000002474c48d0c0 ConcurrentGCThread "G1 Service" [stack: 0x000000bfd0f00000,0x000000bfd1000000] [id=15304]

Threads with active compile tasks:
C2 CompilerThread0     5836 6347   !   4       java.net.URLClassLoader::findClass (47 bytes)

VM state: not at safepoint (normal execution)

VM Mutex/Monitor currently owned by a thread:  ([mutex/lock_event])
[0x000002474c3d27d0] Metaspace_lock - owner thread: 0x000002476e85eda0

OutOfMemory and StackOverflow Exception counts:
OutOfMemoryError java_heap_errors=1
LinkageErrors=158

Heap address: 0x0000000080000000, size: 2048 MB, Compressed Oops mode: 32-bit

CDS archive(s) not mapped
Compressed class space mapped at: 0x0000000100000000-0x0000000140000000, reserved size: 1073741824
Narrow klass base: 0x0000000000000000, Narrow klass shift: 3, Narrow klass range: 0x140000000

GC Precious Log:
 CPUs: 8 total, 8 available
 Memory: 7834M
 Large Page Support: Disabled
 NUMA Support: Disabled
 Compressed Oops: Enabled (32-bit)
 Heap Region Size: 1M
 Heap Min Capacity: 8M
 Heap Initial Capacity: 124M
 Heap Max Capacity: 2G
 Pre-touch: Disabled
 Parallel Workers: 8
 Concurrent Workers: 2
 Concurrent Refinement Workers: 8
 Periodic GC: Disabled

Heap:
 garbage-first heap   total 164864K, used 104028K [0x0000000080000000, 0x0000000100000000)
  region size 1024K, 22 young (22528K), 6 survivors (6144K)
 Metaspace       used 58417K, committed 59072K, reserved 1114112K
  class space    used 7917K, committed 8192K, reserved 1048576K

Heap Regions: E=young(eden), S=young(survivor), O=old, HS=humongous(starts), HC=humongous(continues), CS=collection set, F=free, OA=open archive, CA=closed archive, TAMS=top-at-mark-start (previous, next)
|   0|0x0000000080000000, 0x0000000080100000, 0x0000000080100000|100%|HS|  |TAMS 0x0000000080100000, 0x0000000080000000| Complete 
|   1|0x0000000080100000, 0x0000000080200000, 0x0000000080200000|100%|HC|  |TAMS 0x0000000080200000, 0x0000000080100000| Complete 
|   2|0x0000000080200000, 0x0000000080300000, 0x0000000080300000|100%|HC|  |TAMS 0x0000000080300000, 0x0000000080200000| Complete 
|   3|0x0000000080300000, 0x0000000080400000, 0x0000000080400000|100%|HC|  |TAMS 0x0000000080400000, 0x0000000080300000| Complete 
|   4|0x0000000080400000, 0x0000000080500000, 0x0000000080500000|100%| O|  |TAMS 0x0000000080500000, 0x0000000080400000| Untracked 
|   5|0x0000000080500000, 0x0000000080600000, 0x0000000080600000|100%| O|  |TAMS 0x0000000080600000, 0x0000000080500000| Untracked 
|   6|0x0000000080600000, 0x0000000080700000, 0x0000000080700000|100%| O|  |TAMS 0x0000000080700000, 0x0000000080600000| Untracked 
|   7|0x0000000080700000, 0x0000000080800000, 0x0000000080800000|100%| O|  |TAMS 0x0000000080800000, 0x0000000080700000| Untracked 
|   8|0x0000000080800000, 0x0000000080900000, 0x0000000080900000|100%| O|  |TAMS 0x0000000080900000, 0x0000000080800000| Untracked 
|   9|0x0000000080900000, 0x0000000080a00000, 0x0000000080a00000|100%| O|  |TAMS 0x0000000080a00000, 0x0000000080900000| Untracked 
|  10|0x0000000080a00000, 0x0000000080b00000, 0x0000000080b00000|100%| O|  |TAMS 0x0000000080b00000, 0x0000000080a00000| Untracked 
|  11|0x0000000080b00000, 0x0000000080c00000, 0x0000000080c00000|100%| O|  |TAMS 0x0000000080c00000, 0x0000000080b00000| Untracked 
|  12|0x0000000080c00000, 0x0000000080d00000, 0x0000000080d00000|100%| O|  |TAMS 0x0000000080d00000, 0x0000000080c00000| Untracked 
|  13|0x0000000080d00000, 0x0000000080e00000, 0x0000000080e00000|100%| O|  |TAMS 0x0000000080e00000, 0x0000000080d00000| Untracked 
|  14|0x0000000080e00000, 0x0000000080f00000, 0x0000000080f00000|100%| O|  |TAMS 0x0000000080f00000, 0x0000000080e00000| Untracked 
|  15|0x0000000080f00000, 0x0000000081000000, 0x0000000081000000|100%| O|  |TAMS 0x0000000081000000, 0x0000000080f00000| Untracked 
|  16|0x0000000081000000, 0x0000000081100000, 0x0000000081100000|100%| O|  |TAMS 0x0000000081100000, 0x0000000081000000| Untracked 
|  17|0x0000000081100000, 0x0000000081200000, 0x0000000081200000|100%| O|  |TAMS 0x0000000081200000, 0x0000000081100000| Untracked 
|  18|0x0000000081200000, 0x0000000081300000, 0x0000000081300000|100%| O|  |TAMS 0x0000000081300000, 0x0000000081200000| Untracked 
|  19|0x0000000081300000, 0x0000000081400000, 0x0000000081400000|100%| O|  |TAMS 0x0000000081400000, 0x0000000081300000| Untracked 
|  20|0x0000000081400000, 0x0000000081500000, 0x0000000081500000|100%| O|  |TAMS 0x0000000081500000, 0x0000000081400000| Untracked 
|  21|0x0000000081500000, 0x0000000081600000, 0x0000000081600000|100%|HS|  |TAMS 0x0000000081600000, 0x0000000081500000| Complete 
|  22|0x0000000081600000, 0x0000000081700000, 0x0000000081700000|100%|HC|  |TAMS 0x0000000081700000, 0x0000000081600000| Complete 
|  23|0x0000000081700000, 0x0000000081800000, 0x0000000081800000|100%|HS|  |TAMS 0x0000000081800000, 0x0000000081700000| Complete 
|  24|0x0000000081800000, 0x0000000081900000, 0x0000000081900000|100%|HC|  |TAMS 0x0000000081900000, 0x0000000081800000| Complete 
|  25|0x0000000081900000, 0x0000000081a00000, 0x0000000081a00000|100%|HC|  |TAMS 0x0000000081a00000, 0x0000000081900000| Complete 
|  26|0x0000000081a00000, 0x0000000081b00000, 0x0000000081b00000|100%|HS|  |TAMS 0x0000000081b00000, 0x0000000081a00000| Complete 
|  27|0x0000000081b00000, 0x0000000081c00000, 0x0000000081c00000|100%|HC|  |TAMS 0x0000000081c00000, 0x0000000081b00000| Complete 
|  28|0x0000000081c00000, 0x0000000081d00000, 0x0000000081d00000|100%|HS|  |TAMS 0x0000000081d00000, 0x0000000081c00000| Complete 
|  29|0x0000000081d00000, 0x0000000081e00000, 0x0000000081e00000|100%|HC|  |TAMS 0x0000000081e00000, 0x0000000081d00000| Complete 
|  30|0x0000000081e00000, 0x0000000081f00000, 0x0000000081f00000|100%| O|  |TAMS 0x0000000081f00000, 0x0000000081e00000| Untracked 
|  31|0x0000000081f00000, 0x0000000082000000, 0x0000000082000000|100%| O|  |TAMS 0x0000000082000000, 0x0000000081f00000| Untracked 
|  32|0x0000000082000000, 0x0000000082100000, 0x0000000082100000|100%| O|  |TAMS 0x0000000082100000, 0x0000000082000000| Untracked 
|  33|0x0000000082100000, 0x0000000082200000, 0x0000000082200000|100%| O|  |TAMS 0x0000000082200000, 0x0000000082100000| Untracked 
|  34|0x0000000082200000, 0x0000000082300000, 0x0000000082300000|100%| O|  |TAMS 0x0000000082300000, 0x0000000082200000| Untracked 
|  35|0x0000000082300000, 0x0000000082400000, 0x0000000082400000|100%| O|  |TAMS 0x0000000082400000, 0x0000000082300000| Untracked 
|  36|0x0000000082400000, 0x0000000082500000, 0x0000000082500000|100%| O|  |TAMS 0x0000000082500000, 0x0000000082400000| Untracked 
|  37|0x0000000082500000, 0x0000000082600000, 0x0000000082600000|100%| O|  |TAMS 0x0000000082600000, 0x0000000082500000| Untracked 
|  38|0x0000000082600000, 0x0000000082700000, 0x0000000082700000|100%|HS|  |TAMS 0x0000000082700000, 0x0000000082600000| Complete 
|  39|0x0000000082700000, 0x0000000082800000, 0x0000000082800000|100%|HC|  |TAMS 0x0000000082800000, 0x0000000082700000| Complete 
|  40|0x0000000082800000, 0x0000000082900000, 0x0000000082900000|100%|HC|  |TAMS 0x0000000082900000, 0x0000000082800000| Complete 
|  41|0x0000000082900000, 0x0000000082a00000, 0x0000000082a00000|100%|HC|  |TAMS 0x0000000082a00000, 0x0000000082900000| Complete 
|  42|0x0000000082a00000, 0x0000000082b00000, 0x0000000082b00000|100%|HC|  |TAMS 0x0000000082b00000, 0x0000000082a00000| Complete 
|  43|0x0000000082b00000, 0x0000000082c00000, 0x0000000082c00000|100%|HC|  |TAMS 0x0000000082c00000, 0x0000000082b00000| Complete 
|  44|0x0000000082c00000, 0x0000000082d00000, 0x0000000082d00000|100%|HC|  |TAMS 0x0000000082d00000, 0x0000000082c00000| Complete 
|  45|0x0000000082d00000, 0x0000000082e00000, 0x0000000082e00000|100%|HC|  |TAMS 0x0000000082e00000, 0x0000000082d00000| Complete 
|  46|0x0000000082e00000, 0x0000000082f00000, 0x0000000082f00000|100%|HC|  |TAMS 0x0000000082f00000, 0x0000000082e00000| Complete 
|  47|0x0000000082f00000, 0x0000000083000000, 0x0000000083000000|100%|HC|  |TAMS 0x0000000083000000, 0x0000000082f00000| Complete 
|  48|0x0000000083000000, 0x0000000083100000, 0x0000000083100000|100%|HC|  |TAMS 0x0000000083100000, 0x0000000083000000| Complete 
|  49|0x0000000083100000, 0x0000000083200000, 0x0000000083200000|100%|HC|  |TAMS 0x0000000083200000, 0x0000000083100000| Complete 
|  50|0x0000000083200000, 0x0000000083300000, 0x0000000083300000|100%| O|  |TAMS 0x0000000083300000, 0x0000000083200000| Untracked 
|  51|0x0000000083300000, 0x0000000083400000, 0x0000000083400000|100%| O|  |TAMS 0x0000000083400000, 0x0000000083300000| Untracked 
|  52|0x0000000083400000, 0x0000000083500000, 0x0000000083500000|100%| O|  |TAMS 0x0000000083500000, 0x0000000083400000| Untracked 
|  53|0x0000000083500000, 0x0000000083600000, 0x0000000083600000|100%|HS|  |TAMS 0x0000000083600000, 0x0000000083500000| Complete 
|  54|0x0000000083600000, 0x0000000083700000, 0x0000000083700000|100%|HC|  |TAMS 0x0000000083700000, 0x0000000083600000| Complete 
|  55|0x0000000083700000, 0x0000000083800000, 0x0000000083800000|100%|HC|  |TAMS 0x0000000083800000, 0x0000000083700000| Complete 
|  56|0x0000000083800000, 0x0000000083900000, 0x0000000083900000|100%| O|  |TAMS 0x0000000083900000, 0x0000000083800000| Untracked 
|  57|0x0000000083900000, 0x0000000083a00000, 0x0000000083a00000|100%| O|  |TAMS 0x0000000083a00000, 0x0000000083900000| Untracked 
|  58|0x0000000083a00000, 0x0000000083b00000, 0x0000000083b00000|100%| O|  |TAMS 0x0000000083b00000, 0x0000000083a00000| Untracked 
|  59|0x0000000083b00000, 0x0000000083c00000, 0x0000000083c00000|100%| O|  |TAMS 0x0000000083c00000, 0x0000000083b00000| Untracked 
|  60|0x0000000083c00000, 0x0000000083d00000, 0x0000000083d00000|100%| O|  |TAMS 0x0000000083d00000, 0x0000000083c00000| Untracked 
|  61|0x0000000083d00000, 0x0000000083e00000, 0x0000000083e00000|100%| O|  |TAMS 0x0000000083e00000, 0x0000000083d00000| Untracked 
|  62|0x0000000083e00000, 0x0000000083f00000, 0x0000000083f00000|100%| O|  |TAMS 0x0000000083f00000, 0x0000000083e00000| Untracked 
|  63|0x0000000083f00000, 0x0000000084000000, 0x0000000084000000|100%| O|  |TAMS 0x0000000084000000, 0x0000000083f00000| Untracked 
|  64|0x0000000084000000, 0x0000000084100000, 0x0000000084100000|100%| O|  |TAMS 0x00000000840a1600, 0x0000000084000000| Untracked 
|  65|0x0000000084100000, 0x0000000084200000, 0x0000000084200000|100%|HS|  |TAMS 0x0000000084200000, 0x0000000084100000| Complete 
|  66|0x0000000084200000, 0x0000000084300000, 0x0000000084300000|100%|HS|  |TAMS 0x0000000084300000, 0x0000000084200000| Complete 
|  67|0x0000000084300000, 0x0000000084400000, 0x0000000084400000|100%|HS|  |TAMS 0x0000000084400000, 0x0000000084300000| Complete 
|  68|0x0000000084400000, 0x0000000084500000, 0x0000000084500000|100%|HC|  |TAMS 0x0000000084500000, 0x0000000084400000| Complete 
|  69|0x0000000084500000, 0x0000000084600000, 0x0000000084600000|100%|HS|  |TAMS 0x0000000084600000, 0x0000000084500000| Complete 
|  70|0x0000000084600000, 0x0000000084700000, 0x0000000084700000|100%|HC|  |TAMS 0x0000000084700000, 0x0000000084600000| Complete 
|  71|0x0000000084700000, 0x0000000084800000, 0x0000000084800000|100%|HS|  |TAMS 0x0000000084800000, 0x0000000084700000| Complete 
|  72|0x0000000084800000, 0x0000000084900000, 0x0000000084900000|100%|HS|  |TAMS 0x0000000084900000, 0x0000000084800000| Complete 
|  73|0x0000000084900000, 0x0000000084a00000, 0x0000000084a00000|100%| O|  |TAMS 0x0000000084900000, 0x0000000084900000| Untracked 
|  74|0x0000000084a00000, 0x0000000084b00000, 0x0000000084b00000|100%| O|  |TAMS 0x0000000084a00000, 0x0000000084a00000| Untracked 
|  75|0x0000000084b00000, 0x0000000084c00000, 0x0000000084c00000|100%| O|  |TAMS 0x0000000084b00000, 0x0000000084b00000| Untracked 
|  76|0x0000000084c00000, 0x0000000084c78000, 0x0000000084d00000| 46%| O|  |TAMS 0x0000000084c00000, 0x0000000084c00000| Untracked 
|  77|0x0000000084d00000, 0x0000000084e00000, 0x0000000084e00000|100%|HS|  |TAMS 0x0000000084d00000, 0x0000000084d00000| Complete 
|  78|0x0000000084e00000, 0x0000000084f00000, 0x0000000084f00000|100%|HC|  |TAMS 0x0000000084e00000, 0x0000000084e00000| Complete 
|  79|0x0000000084f00000, 0x0000000085000000, 0x0000000085000000|100%|HC|  |TAMS 0x0000000084f00000, 0x0000000084f00000| Complete 
|  80|0x0000000085000000, 0x0000000085100000, 0x0000000085100000|100%|HC|  |TAMS 0x0000000085000000, 0x0000000085000000| Complete 
|  81|0x0000000085100000, 0x0000000085200000, 0x0000000085200000|100%|HS|  |TAMS 0x0000000085100000, 0x0000000085100000| Complete 
|  82|0x0000000085200000, 0x0000000085200000, 0x0000000085300000|  0%| F|  |TAMS 0x0000000085200000, 0x0000000085200000| Untracked 
|  83|0x0000000085300000, 0x0000000085300000, 0x0000000085400000|  0%| F|  |TAMS 0x0000000085300000, 0x0000000085300000| Untracked 
|  84|0x0000000085400000, 0x0000000085400000, 0x0000000085500000|  0%| F|  |TAMS 0x0000000085400000, 0x0000000085400000| Untracked 
|  85|0x0000000085500000, 0x0000000085500000, 0x0000000085600000|  0%| F|  |TAMS 0x0000000085500000, 0x0000000085500000| Untracked 
|  86|0x0000000085600000, 0x0000000085600000, 0x0000000085700000|  0%| F|  |TAMS 0x0000000085600000, 0x0000000085600000| Untracked 
|  87|0x0000000085700000, 0x0000000085700000, 0x0000000085800000|  0%| F|  |TAMS 0x0000000085700000, 0x0000000085700000| Untracked 
|  88|0x0000000085800000, 0x0000000085800000, 0x0000000085900000|  0%| F|  |TAMS 0x0000000085800000, 0x0000000085800000| Untracked 
|  89|0x0000000085900000, 0x0000000085900000, 0x0000000085a00000|  0%| F|  |TAMS 0x0000000085900000, 0x0000000085900000| Untracked 
|  90|0x0000000085a00000, 0x0000000085a00000, 0x0000000085b00000|  0%| F|  |TAMS 0x0000000085a00000, 0x0000000085a00000| Untracked 
|  91|0x0000000085b00000, 0x0000000085b00000, 0x0000000085c00000|  0%| F|  |TAMS 0x0000000085b00000, 0x0000000085b00000| Untracked 
|  92|0x0000000085c00000, 0x0000000085c00000, 0x0000000085d00000|  0%| F|  |TAMS 0x0000000085c00000, 0x0000000085c00000| Untracked 
|  93|0x0000000085d00000, 0x0000000085d00000, 0x0000000085e00000|  0%| F|  |TAMS 0x0000000085d00000, 0x0000000085d00000| Untracked 
|  94|0x0000000085e00000, 0x0000000085e00000, 0x0000000085f00000|  0%| F|  |TAMS 0x0000000085e00000, 0x0000000085e00000| Untracked 
|  95|0x0000000085f00000, 0x0000000085f00000, 0x0000000086000000|  0%| F|  |TAMS 0x0000000085f00000, 0x0000000085f00000| Untracked 
|  96|0x0000000086000000, 0x0000000086000000, 0x0000000086100000|  0%| F|  |TAMS 0x0000000086000000, 0x0000000086000000| Untracked 
|  97|0x0000000086100000, 0x0000000086100000, 0x0000000086200000|  0%| F|  |TAMS 0x0000000086100000, 0x0000000086100000| Untracked 
|  98|0x0000000086200000, 0x0000000086200000, 0x0000000086300000|  0%| F|  |TAMS 0x0000000086200000, 0x0000000086200000| Untracked 
|  99|0x0000000086300000, 0x0000000086300000, 0x0000000086400000|  0%| F|  |TAMS 0x0000000086300000, 0x0000000086300000| Untracked 
| 100|0x0000000086400000, 0x0000000086400000, 0x0000000086500000|  0%| F|  |TAMS 0x0000000086400000, 0x0000000086400000| Untracked 
| 101|0x0000000086500000, 0x0000000086500000, 0x0000000086600000|  0%| F|  |TAMS 0x0000000086500000, 0x0000000086500000| Untracked 
| 102|0x0000000086600000, 0x0000000086600000, 0x0000000086700000|  0%| F|  |TAMS 0x0000000086600000, 0x0000000086600000| Untracked 
| 103|0x0000000086700000, 0x0000000086700000, 0x0000000086800000|  0%| F|  |TAMS 0x0000000086700000, 0x0000000086700000| Untracked 
| 104|0x0000000086800000, 0x0000000086800000, 0x0000000086900000|  0%| F|  |TAMS 0x0000000086800000, 0x0000000086800000| Untracked 
| 105|0x0000000086900000, 0x0000000086900000, 0x0000000086a00000|  0%| F|  |TAMS 0x0000000086900000, 0x0000000086900000| Untracked 
| 106|0x0000000086a00000, 0x0000000086a00000, 0x0000000086b00000|  0%| F|  |TAMS 0x0000000086a00000, 0x0000000086a00000| Untracked 
| 107|0x0000000086b00000, 0x0000000086b00000, 0x0000000086c00000|  0%| F|  |TAMS 0x0000000086b00000, 0x0000000086b00000| Untracked 
| 108|0x0000000086c00000, 0x0000000086c00000, 0x0000000086d00000|  0%| F|  |TAMS 0x0000000086c00000, 0x0000000086c00000| Untracked 
| 109|0x0000000086d00000, 0x0000000086d00000, 0x0000000086e00000|  0%| F|  |TAMS 0x0000000086d00000, 0x0000000086d00000| Untracked 
| 110|0x0000000086e00000, 0x0000000086e00000, 0x0000000086f00000|  0%| F|  |TAMS 0x0000000086e00000, 0x0000000086e00000| Untracked 
| 111|0x0000000086f00000, 0x0000000086f00000, 0x0000000087000000|  0%| F|  |TAMS 0x0000000086f00000, 0x0000000086f00000| Untracked 
| 112|0x0000000087000000, 0x0000000087000000, 0x0000000087100000|  0%| F|  |TAMS 0x0000000087000000, 0x0000000087000000| Untracked 
| 113|0x0000000087100000, 0x0000000087100000, 0x0000000087200000|  0%| F|  |TAMS 0x0000000087100000, 0x0000000087100000| Untracked 
| 114|0x0000000087200000, 0x0000000087200000, 0x0000000087300000|  0%| F|  |TAMS 0x0000000087200000, 0x0000000087200000| Untracked 
| 115|0x0000000087300000, 0x0000000087300000, 0x0000000087400000|  0%| F|  |TAMS 0x0000000087300000, 0x0000000087300000| Untracked 
| 116|0x0000000087400000, 0x0000000087400000, 0x0000000087500000|  0%| F|  |TAMS 0x0000000087400000, 0x0000000087400000| Untracked 
| 117|0x0000000087500000, 0x0000000087500000, 0x0000000087600000|  0%| F|  |TAMS 0x0000000087500000, 0x0000000087500000| Untracked 
| 118|0x0000000087600000, 0x0000000087600000, 0x0000000087700000|  0%| F|  |TAMS 0x0000000087600000, 0x0000000087600000| Untracked 
| 119|0x0000000087700000, 0x0000000087700000, 0x0000000087800000|  0%| F|  |TAMS 0x0000000087700000, 0x0000000087700000| Untracked 
| 120|0x0000000087800000, 0x0000000087800000, 0x0000000087900000|  0%| F|  |TAMS 0x0000000087800000, 0x0000000087800000| Untracked 
| 121|0x0000000087900000, 0x0000000087900000, 0x0000000087a00000|  0%| F|  |TAMS 0x0000000087900000, 0x0000000087900000| Untracked 
| 122|0x0000000087a00000, 0x0000000087a00000, 0x0000000087b00000|  0%| F|  |TAMS 0x0000000087a00000, 0x0000000087a00000| Untracked 
| 123|0x0000000087b00000, 0x0000000087b00000, 0x0000000087c00000|  0%| F|  |TAMS 0x0000000087b00000, 0x0000000087b00000| Untracked 
| 124|0x0000000087c00000, 0x0000000087c00000, 0x0000000087d00000|  0%| F|  |TAMS 0x0000000087c00000, 0x0000000087c00000| Untracked 
| 125|0x0000000087d00000, 0x0000000087d00000, 0x0000000087e00000|  0%| F|  |TAMS 0x0000000087d00000, 0x0000000087d00000| Untracked 
| 126|0x0000000087e00000, 0x0000000087e00000, 0x0000000087f00000|  0%| F|  |TAMS 0x0000000087e00000, 0x0000000087e00000| Untracked 
| 127|0x0000000087f00000, 0x0000000087f00000, 0x0000000088000000|  0%| F|  |TAMS 0x0000000087f00000, 0x0000000087f00000| Untracked 
| 128|0x0000000088000000, 0x0000000088000000, 0x0000000088100000|  0%| F|  |TAMS 0x0000000088000000, 0x0000000088000000| Untracked 
| 129|0x0000000088100000, 0x0000000088100000, 0x0000000088200000|  0%| F|  |TAMS 0x0000000088100000, 0x0000000088100000| Untracked 
| 130|0x0000000088200000, 0x0000000088200000, 0x0000000088300000|  0%| F|  |TAMS 0x0000000088200000, 0x0000000088200000| Untracked 
| 131|0x0000000088300000, 0x0000000088300000, 0x0000000088400000|  0%| F|  |TAMS 0x0000000088300000, 0x0000000088300000| Untracked 
| 132|0x0000000088400000, 0x0000000088400000, 0x0000000088500000|  0%| F|  |TAMS 0x0000000088400000, 0x0000000088400000| Untracked 
| 133|0x0000000088500000, 0x0000000088500000, 0x0000000088600000|  0%| F|  |TAMS 0x0000000088500000, 0x0000000088500000| Untracked 
| 134|0x0000000088600000, 0x0000000088600000, 0x0000000088700000|  0%| F|  |TAMS 0x0000000088600000, 0x0000000088600000| Untracked 
| 135|0x0000000088700000, 0x0000000088700000, 0x0000000088800000|  0%| F|  |TAMS 0x0000000088700000, 0x0000000088700000| Untracked 
| 136|0x0000000088800000, 0x0000000088800000, 0x0000000088900000|  0%| F|  |TAMS 0x0000000088800000, 0x0000000088800000| Untracked 
| 137|0x0000000088900000, 0x0000000088900000, 0x0000000088a00000|  0%| F|  |TAMS 0x0000000088900000, 0x0000000088900000| Untracked 
| 138|0x0000000088a00000, 0x0000000088a00000, 0x0000000088b00000|  0%| F|  |TAMS 0x0000000088a00000, 0x0000000088a00000| Untracked 
| 139|0x0000000088b00000, 0x0000000088b00800, 0x0000000088c00000|  0%| E|  |TAMS 0x0000000088b00000, 0x0000000088b00000| Complete 
| 140|0x0000000088c00000, 0x0000000088d00000, 0x0000000088d00000|100%| E|CS|TAMS 0x0000000088c00000, 0x0000000088c00000| Complete 
| 141|0x0000000088d00000, 0x0000000088e00000, 0x0000000088e00000|100%| E|CS|TAMS 0x0000000088d00000, 0x0000000088d00000| Complete 
| 142|0x0000000088e00000, 0x0000000088f00000, 0x0000000088f00000|100%| E|CS|TAMS 0x0000000088e00000, 0x0000000088e00000| Complete 
| 143|0x0000000088f00000, 0x0000000089000000, 0x0000000089000000|100%| E|CS|TAMS 0x0000000088f00000, 0x0000000088f00000| Complete 
| 144|0x0000000089000000, 0x0000000089100000, 0x0000000089100000|100%| E|CS|TAMS 0x0000000089000000, 0x0000000089000000| Complete 
| 145|0x0000000089100000, 0x0000000089200000, 0x0000000089200000|100%| E|CS|TAMS 0x0000000089100000, 0x0000000089100000| Complete 
| 146|0x0000000089200000, 0x0000000089300000, 0x0000000089300000|100%| E|CS|TAMS 0x0000000089200000, 0x0000000089200000| Complete 
| 147|0x0000000089300000, 0x0000000089400000, 0x0000000089400000|100%| E|CS|TAMS 0x0000000089300000, 0x0000000089300000| Complete 
| 148|0x0000000089400000, 0x0000000089500000, 0x0000000089500000|100%| E|CS|TAMS 0x0000000089400000, 0x0000000089400000| Complete 
| 149|0x0000000089500000, 0x0000000089600000, 0x0000000089600000|100%| E|CS|TAMS 0x0000000089500000, 0x0000000089500000| Complete 
| 150|0x0000000089600000, 0x0000000089700000, 0x0000000089700000|100%| E|CS|TAMS 0x0000000089600000, 0x0000000089600000| Complete 
| 151|0x0000000089700000, 0x0000000089800000, 0x0000000089800000|100%| E|CS|TAMS 0x0000000089700000, 0x0000000089700000| Complete 
| 152|0x0000000089800000, 0x000000008981f3c0, 0x0000000089900000| 12%| S|CS|TAMS 0x0000000089800000, 0x0000000089800000| Complete 
| 153|0x0000000089900000, 0x0000000089a00000, 0x0000000089a00000|100%| S|CS|TAMS 0x0000000089900000, 0x0000000089900000| Complete 
| 154|0x0000000089a00000, 0x0000000089b00000, 0x0000000089b00000|100%| S|CS|TAMS 0x0000000089a00000, 0x0000000089a00000| Complete 
| 155|0x0000000089b00000, 0x0000000089c00000, 0x0000000089c00000|100%| S|CS|TAMS 0x0000000089b00000, 0x0000000089b00000| Complete 
| 156|0x0000000089c00000, 0x0000000089d00000, 0x0000000089d00000|100%| S|CS|TAMS 0x0000000089c00000, 0x0000000089c00000| Complete 
| 157|0x0000000089d00000, 0x0000000089e00000, 0x0000000089e00000|100%| S|CS|TAMS 0x0000000089d00000, 0x0000000089d00000| Complete 
| 158|0x0000000089e00000, 0x0000000089f00000, 0x0000000089f00000|100%| E|CS|TAMS 0x0000000089e00000, 0x0000000089e00000| Complete 
| 159|0x0000000089f00000, 0x000000008a000000, 0x000000008a000000|100%| E|CS|TAMS 0x0000000089f00000, 0x0000000089f00000| Complete 
| 160|0x000000008a000000, 0x000000008a100000, 0x000000008a100000|100%| E|CS|TAMS 0x000000008a000000, 0x000000008a000000| Complete 

Card table byte_map: [0x0000024760ef0000,0x00000247612f0000] _byte_map_base: 0x0000024760af0000

Marking Bits (Prev, Next): (CMBitMap*) 0x000002474c42f690, (CMBitMap*) 0x000002474c42f6d0
 Prev Bits: [0x00000247616f0000, 0x00000247636f0000)
 Next Bits: [0x00000247636f0000, 0x00000247656f0000)

Polling page: 0x000002474c490000

Metaspace:

Usage:
  Non-class:     49.32 MB used.
      Class:      7.73 MB used.
       Both:     57.05 MB used.

Virtual space:
  Non-class space:       64.00 MB reserved,      49.69 MB ( 78%) committed,  1 nodes.
      Class space:        1.00 GB reserved,       8.00 MB ( <1%) committed,  1 nodes.
             Both:        1.06 GB reserved,      57.69 MB (  5%) committed. 

Chunk freelists:
   Non-Class:  13.84 MB
       Class:  7.94 MB
        Both:  21.78 MB

MaxMetaspaceSize: unlimited
CompressedClassSpaceSize: 1.00 GB
Initial GC threshold: 21.00 MB
Current GC threshold: 95.25 MB
CDS: off
MetaspaceReclaimPolicy: balanced
 - commit_granule_bytes: 65536.
 - commit_granule_words: 8192.
 - virtual_space_node_default_size: 8388608.
 - enlarge_chunks_in_place: 1.
 - new_chunks_are_fully_committed: 0.
 - uncommit_free_chunks: 1.
 - use_allocation_guard: 0.
 - handle_deallocations: 1.


Internal statistics:

num_allocs_failed_limit: 6.
num_arena_births: 718.
num_arena_deaths: 0.
num_vsnodes_births: 2.
num_vsnodes_deaths: 0.
num_space_committed: 923.
num_space_uncommitted: 0.
num_chunks_returned_to_freelist: 6.
num_chunks_taken_from_freelist: 2753.
num_chunk_merges: 6.
num_chunk_splits: 1786.
num_chunks_enlarged: 1165.
num_inconsistent_stats: 0.

CodeHeap 'non-profiled nmethods': size=120000Kb used=3096Kb max_used=3194Kb free=116903Kb
 bounds [0x0000024758b40000, 0x0000024758e80000, 0x0000024760070000]
CodeHeap 'profiled nmethods': size=120000Kb used=10669Kb max_used=10669Kb free=109330Kb
 bounds [0x0000024751070000, 0x0000024751ae0000, 0x00000247585a0000]
CodeHeap 'non-nmethods': size=5760Kb used=2335Kb max_used=2409Kb free=3424Kb
 bounds [0x00000247585a0000, 0x0000024758810000, 0x0000024758b40000]
 total_blobs=6486 nmethods=5643 adapters=755
 compilation: enabled
              stopped_count=0, restarted_count=0
 full_count=0

Compilation events (20 events):
Event: 5.783 Thread 0x00000247683615d0 nmethod 6339 0x0000024751ad1610 code [0x0000024751ad17c0, 0x0000024751ad1928]
Event: 5.783 Thread 0x00000247683615d0 6340   !   3       sun.nio.cs.StreamDecoder::read (196 bytes)
Event: 5.784 Thread 0x00000247683615d0 nmethod 6340 0x0000024751ad1a10 code [0x0000024751ad1c80, 0x0000024751ad2868]
Event: 5.784 Thread 0x00000247683615d0 6341       3       sun.nio.cs.StreamDecoder::ensureOpen (18 bytes)
Event: 5.784 Thread 0x00000247683615d0 nmethod 6341 0x0000024751ad2d90 code [0x0000024751ad2f40, 0x0000024751ad3148]
Event: 5.785 Thread 0x00000247683615d0 6342       3       jdk.internal.loader.URLClassPath::findResource (38 bytes)
Event: 5.785 Thread 0x00000247683615d0 nmethod 6342 0x0000024751ad3210 code [0x0000024751ad33e0, 0x0000024751ad3718]
Event: 5.792 Thread 0x000002476f1c6050 6343       4       java.lang.ThreadLocal$ThreadLocalMap::set (133 bytes)
Event: 5.795 Thread 0x00000247683615d0 6344       3       org.gradle.internal.classloader.VisitableURLClassLoader$InstrumentingVisitableURLClassLoader::instrumentClass (10 bytes)
Event: 5.795 Thread 0x00000247683615d0 nmethod 6344 0x0000024751ad3890 code [0x0000024751ad3aa0, 0x0000024751ad4038]
Event: 5.795 Thread 0x00000247683615d0 6346       3       org.gradle.internal.io.StreamByteBuffer::readFully (27 bytes)
Event: 5.795 Thread 0x00000247683615d0 nmethod 6346 0x0000024751ad4310 code [0x0000024751ad44e0, 0x0000024751ad4758]
Event: 5.795 Thread 0x00000247683615d0 6345   !   3       org.gradle.internal.classloader.TransformReplacer::getInstrumentedClass (34 bytes)
Event: 5.796 Thread 0x00000247683615d0 nmethod 6345 0x0000024751ad4890 code [0x0000024751ad4a80, 0x0000024751ad4f98]
Event: 5.797 Thread 0x0000024768356400 6347   !   4       java.net.URLClassLoader::findClass (47 bytes)
Event: 5.800 Thread 0x000002476f1c6050 nmethod 6343 0x0000024758c97d10 code [0x0000024758c97ec0, 0x0000024758c98608]
Event: 5.807 Thread 0x00000247683615d0 6348       3       java.util.zip.ZipFile$ZipFileInflaterInputStream::available (44 bytes)
Event: 5.807 Thread 0x00000247683615d0 nmethod 6348 0x0000024751ad5210 code [0x0000024751ad53e0, 0x0000024751ad5748]
Event: 5.807 Thread 0x00000247683615d0 6349   !   3       java.util.zip.Inflater::getBytesWritten (23 bytes)
Event: 5.807 Thread 0x00000247683615d0 nmethod 6349 0x0000024751ad5890 code [0x0000024751ad5a40, 0x0000024751ad5c68]

GC Heap History (20 events):
Event: 3.699 GC heap before
{Heap before GC invocations=12 (full 0):
 garbage-first heap   total 96256K, used 76297K [0x0000000080000000, 0x0000000100000000)
  region size 1024K, 23 young (23552K), 1 survivors (1024K)
 Metaspace       used 42771K, committed 43136K, reserved 1114112K
  class space    used 5734K, committed 5888K, reserved 1048576K
}
Event: 3.701 GC heap after
{Heap after GC invocations=13 (full 0):
 garbage-first heap   total 96256K, used 55561K [0x0000000080000000, 0x0000000100000000)
  region size 1024K, 3 young (3072K), 3 survivors (3072K)
 Metaspace       used 42771K, committed 43136K, reserved 1114112K
  class space    used 5734K, committed 5888K, reserved 1048576K
}
Event: 3.998 GC heap before
{Heap before GC invocations=14 (full 0):
 garbage-first heap   total 106496K, used 81161K [0x0000000080000000, 0x0000000100000000)
  region size 1024K, 24 young (24576K), 3 survivors (3072K)
 Metaspace       used 46022K, committed 46464K, reserved 1114112K
  class space    used 6118K, committed 6336K, reserved 1048576K
}
Event: 4.001 GC heap after
{Heap after GC invocations=15 (full 0):
 garbage-first heap   total 106496K, used 57068K [0x0000000080000000, 0x0000000100000000)
  region size 1024K, 2 young (2048K), 2 survivors (2048K)
 Metaspace       used 46022K, committed 46464K, reserved 1114112K
  class space    used 6118K, committed 6336K, reserved 1048576K
}
Event: 4.268 GC heap before
{Heap before GC invocations=15 (full 0):
 garbage-first heap   total 106496K, used 80620K [0x0000000080000000, 0x0000000100000000)
  region size 1024K, 26 young (26624K), 2 survivors (2048K)
 Metaspace       used 47932K, committed 48448K, reserved 1114112K
  class space    used 6402K, committed 6656K, reserved 1048576K
}
Event: 4.271 GC heap after
{Heap after GC invocations=16 (full 0):
 garbage-first heap   total 106496K, used 59476K [0x0000000080000000, 0x0000000100000000)
  region size 1024K, 4 young (4096K), 4 survivors (4096K)
 Metaspace       used 47932K, committed 48448K, reserved 1114112K
  class space    used 6402K, committed 6656K, reserved 1048576K
}
Event: 4.313 GC heap before
{Heap before GC invocations=17 (full 0):
 garbage-first heap   total 109568K, used 66644K [0x0000000080000000, 0x0000000100000000)
  region size 1024K, 9 young (9216K), 4 survivors (4096K)
 Metaspace       used 48257K, committed 48768K, reserved 1114112K
  class space    used 6427K, committed 6656K, reserved 1048576K
}
Event: 4.316 GC heap after
{Heap after GC invocations=18 (full 0):
 garbage-first heap   total 109568K, used 64183K [0x0000000080000000, 0x0000000100000000)
  region size 1024K, 2 young (2048K), 2 survivors (2048K)
 Metaspace       used 48257K, committed 48768K, reserved 1114112K
  class space    used 6427K, committed 6656K, reserved 1048576K
}
Event: 4.584 GC heap before
{Heap before GC invocations=19 (full 0):
 garbage-first heap   total 114688K, used 88759K [0x0000000080000000, 0x0000000100000000)
  region size 1024K, 24 young (24576K), 2 survivors (2048K)
 Metaspace       used 50722K, committed 51264K, reserved 1114112K
  class space    used 6686K, committed 6912K, reserved 1048576K
}
Event: 4.587 GC heap after
{Heap after GC invocations=20 (full 0):
 garbage-first heap   total 114688K, used 64820K [0x0000000080000000, 0x0000000100000000)
  region size 1024K, 3 young (3072K), 3 survivors (3072K)
 Metaspace       used 50722K, committed 51264K, reserved 1114112K
  class space    used 6686K, committed 6912K, reserved 1048576K
}
Event: 4.846 GC heap before
{Heap before GC invocations=20 (full 0):
 garbage-first heap   total 114688K, used 90420K [0x0000000080000000, 0x0000000100000000)
  region size 1024K, 28 young (28672K), 3 survivors (3072K)
 Metaspace       used 52681K, committed 53248K, reserved 1114112K
  class space    used 7056K, committed 7296K, reserved 1048576K
}
Event: 4.848 GC heap after
{Heap after GC invocations=21 (full 0):
 garbage-first heap   total 114688K, used 66125K [0x0000000080000000, 0x0000000100000000)
  region size 1024K, 3 young (3072K), 3 survivors (3072K)
 Metaspace       used 52681K, committed 53248K, reserved 1114112K
  class space    used 7056K, committed 7296K, reserved 1048576K
}
Event: 5.163 GC heap before
{Heap before GC invocations=22 (full 0):
 garbage-first heap   total 114688K, used 90701K [0x0000000080000000, 0x0000000100000000)
  region size 1024K, 28 young (28672K), 3 survivors (3072K)
 Metaspace       used 55245K, committed 55808K, reserved 1114112K
  class space    used 7508K, committed 7744K, reserved 1048576K
}
Event: 5.166 GC heap after
{Heap after GC invocations=23 (full 0):
 garbage-first heap   total 114688K, used 67697K [0x0000000080000000, 0x0000000100000000)
  region size 1024K, 3 young (3072K), 3 survivors (3072K)
 Metaspace       used 55245K, committed 55808K, reserved 1114112K
  class space    used 7508K, committed 7744K, reserved 1048576K
}
Event: 5.528 GC heap before
{Heap before GC invocations=23 (full 0):
 garbage-first heap   total 114688K, used 92273K [0x0000000080000000, 0x0000000100000000)
  region size 1024K, 28 young (28672K), 3 survivors (3072K)
 Metaspace       used 57233K, committed 57792K, reserved 1114112K
  class space    used 7775K, committed 8000K, reserved 1048576K
}
Event: 5.533 GC heap after
{Heap after GC invocations=24 (full 0):
 garbage-first heap   total 164864K, used 70277K [0x0000000080000000, 0x0000000100000000)
  region size 1024K, 4 young (4096K), 4 survivors (4096K)
 Metaspace       used 57233K, committed 57792K, reserved 1114112K
  class space    used 7775K, committed 8000K, reserved 1048576K
}
Event: 5.716 GC heap before
{Heap before GC invocations=25 (full 0):
 garbage-first heap   total 164864K, used 94853K [0x0000000080000000, 0x0000000100000000)
  region size 1024K, 23 young (23552K), 4 survivors (4096K)
 Metaspace       used 57564K, committed 58240K, reserved 1114112K
  class space    used 7805K, committed 8128K, reserved 1048576K
}
Event: 5.719 GC heap after
{Heap after GC invocations=26 (full 0):
 garbage-first heap   total 164864K, used 80517K [0x0000000080000000, 0x0000000100000000)
  region size 1024K, 7 young (7168K), 7 survivors (7168K)
 Metaspace       used 57564K, committed 58240K, reserved 1114112K
  class space    used 7805K, committed 8128K, reserved 1048576K
}
Event: 5.731 GC heap before
{Heap before GC invocations=26 (full 0):
 garbage-first heap   total 164864K, used 83589K [0x0000000080000000, 0x0000000100000000)
  region size 1024K, 10 young (10240K), 7 survivors (7168K)
 Metaspace       used 57571K, committed 58240K, reserved 1114112K
  class space    used 7805K, committed 8128K, reserved 1048576K
}
Event: 5.734 GC heap after
{Heap after GC invocations=27 (full 0):
 garbage-first heap   total 164864K, used 83548K [0x0000000080000000, 0x0000000100000000)
  region size 1024K, 6 young (6144K), 6 survivors (6144K)
 Metaspace       used 57571K, committed 58240K, reserved 1114112K
  class space    used 7805K, committed 8128K, reserved 1048576K
}

Dll operation events (3 events):
Event: 0.007 Loaded shared library C:\Program Files\Android\Android Studio\jbr\bin\java.dll
Event: 0.127 Loaded shared library C:\Program Files\Android\Android Studio\jbr\bin\zip.dll
Event: 0.359 Loaded shared library C:\Program Files\Android\Android Studio\jbr\bin\verify.dll

Deoptimization events (20 events):
Event: 5.664 Thread 0x000002476e85eda0 DEOPT PACKING pc=0x00000247516ce193 sp=0x000000bfd28f8070
Event: 5.664 Thread 0x000002476e85eda0 DEOPT UNPACKING pc=0x00000247585face3 sp=0x000000bfd28f75a8 mode 0
Event: 5.667 Thread 0x000002476e85eda0 DEOPT PACKING pc=0x00000247511f8d09 sp=0x000000bfd28f8850
Event: 5.667 Thread 0x000002476e85eda0 DEOPT UNPACKING pc=0x00000247585face3 sp=0x000000bfd28f7da8 mode 0
Event: 5.667 Thread 0x000002476e85eda0 DEOPT PACKING pc=0x00000247511f8d09 sp=0x000000bfd28f8850
Event: 5.667 Thread 0x000002476e85eda0 DEOPT UNPACKING pc=0x00000247585face3 sp=0x000000bfd28f7da8 mode 0
Event: 5.668 Thread 0x000002476e85eda0 DEOPT PACKING pc=0x00000247511f8d09 sp=0x000000bfd28f88c0
Event: 5.668 Thread 0x000002476e85eda0 DEOPT UNPACKING pc=0x00000247585face3 sp=0x000000bfd28f7e18 mode 0
Event: 5.687 Thread 0x000002476e85eda0 Uncommon trap: trap_request=0xffffff76 fr.pc=0x0000024758e67af4 relative=0x00000000000088d4
Event: 5.687 Thread 0x000002476e85eda0 Uncommon trap: reason=predicate action=maybe_recompile pc=0x0000024758e67af4 method=jdk.internal.loader.Resource.getBytes()[B @ 50 c2
Event: 5.687 Thread 0x000002476e85eda0 DEOPT PACKING pc=0x0000024758e67af4 sp=0x000000bfd28f8ec0
Event: 5.687 Thread 0x000002476e85eda0 DEOPT UNPACKING pc=0x00000247585fa1a3 sp=0x000000bfd28f8c40 mode 2
Event: 5.688 Thread 0x000002476e85eda0 Uncommon trap: trap_request=0xfffffff4 fr.pc=0x0000024758c6bb7c relative=0x000000000000071c
Event: 5.688 Thread 0x000002476e85eda0 Uncommon trap: reason=null_check action=make_not_entrant pc=0x0000024758c6bb7c method=org.gradle.util.internal.SimpleMapInterner.intern(Ljava/lang/Object;)Ljava/lang/Object; @ 2 c2
Event: 5.688 Thread 0x000002476e85eda0 DEOPT PACKING pc=0x0000024758c6bb7c sp=0x000000bfd28f8980
Event: 5.688 Thread 0x000002476e85eda0 DEOPT UNPACKING pc=0x00000247585fa1a3 sp=0x000000bfd28f8948 mode 2
Event: 5.689 Thread 0x000002476e85eda0 Uncommon trap: trap_request=0xffffffc6 fr.pc=0x0000024758ca8e00 relative=0x0000000000000240
Event: 5.689 Thread 0x000002476e85eda0 Uncommon trap: reason=bimorphic_or_optimized_type_check action=maybe_recompile pc=0x0000024758ca8e00 method=com.google.common.base.CharMatcher.indexIn(Ljava/lang/CharSequence;I)I @ 31 c2
Event: 5.689 Thread 0x000002476e85eda0 DEOPT PACKING pc=0x0000024758ca8e00 sp=0x000000bfd28f8e90
Event: 5.689 Thread 0x000002476e85eda0 DEOPT UNPACKING pc=0x00000247585fa1a3 sp=0x000000bfd28f8e38 mode 2

Classes unloaded (0 events):
No events

Classes redefined (0 events):
No events

Internal exceptions (20 events):
Event: 4.851 Thread 0x000002476e85eda0 Exception <a 'java/lang/ClassNotFoundException'{0x0000000087b288c8}: org/jetbrains/plugins/gradle/model/scala/ScalaModelCustomizer> (0x0000000087b288c8) 
thrown [s\src\hotspot\share\classfile\systemDictionary.cpp, line 256]
Event: 4.855 Thread 0x000002476e85eda0 Exception <a 'java/lang/ClassNotFoundException'{0x0000000087b63b40}: org/jetbrains/plugins/gradle/model/DependencyAccessorsModelBeanInfo> (0x0000000087b63b40) 
thrown [s\src\hotspot\share\classfile\systemDictionary.cpp, line 256]
Event: 4.855 Thread 0x000002476e85eda0 Exception <a 'java/lang/ClassNotFoundException'{0x0000000087b6c150}: org/jetbrains/plugins/gradle/model/DependencyAccessorsModelCustomizer> (0x0000000087b6c150) 
thrown [s\src\hotspot\share\classfile\systemDictionary.cpp, line 256]
Event: 4.970 Thread 0x000002476e85eda0 Exception <a 'java/lang/ClassNotFoundException'{0x000000008675ea00}: org/gradle/api/internal/project/DefaultProject_DecoratedBeanInfo> (0x000000008675ea00) 
thrown [s\src\hotspot\share\classfile\systemDictionary.cpp, line 256]
Event: 4.970 Thread 0x000002476e85eda0 Exception <a 'java/lang/ClassNotFoundException'{0x000000008676b938}: org/gradle/api/internal/project/DefaultProjectBeanInfo> (0x000000008676b938) 
thrown [s\src\hotspot\share\classfile\systemDictionary.cpp, line 256]
Event: 4.971 Thread 0x000002476e85eda0 Exception <a 'java/lang/ClassNotFoundException'{0x0000000086778898}: org/gradle/api/internal/project/DefaultProjectCustomizer> (0x0000000086778898) 
thrown [s\src\hotspot\share\classfile\systemDictionary.cpp, line 256]
Event: 4.974 Thread 0x000002476e85eda0 Exception <a 'java/lang/ClassNotFoundException'{0x0000000086621550}: org/gradle/api/internal/project/DefaultProject_DecoratedCustomizer> (0x0000000086621550) 
thrown [s\src\hotspot\share\classfile\systemDictionary.cpp, line 256]
Event: 5.076 Thread 0x000002476e85eda0 Exception <a 'java/lang/NoSuchMethodError'{0x0000000085e9eb60}: 'long java.lang.invoke.DirectMethodHandle$Holder.invokeStatic(java.lang.Object, long)'> (0x0000000085e9eb60) 
thrown [s\src\hotspot\share\interpreter\linkResolver.cpp, line 771]
Event: 5.152 Thread 0x000002476e85eda0 Exception <a 'java/lang/NoSuchMethodError'{0x00000000858dab80}: 'java.lang.Object java.lang.invoke.DelegatingMethodHandle$Holder.reinvoke_L(java.lang.Object, java.lang.Object, java.lang.Object, java.lang.Object, java.lang.Object, java.lang.Object, java.lang.Object, java.lang.Object, java.lang.Object, java.lang.Object, java.lang.Object, java.lang.Object, java.lang.Object, java.lang.Object, java.lang.Object, java.lang.Object, java.lang.Object, java.lang.Object, java.lang.Object, java.lang.Object, java.lang.O
Event: 5.153 Thread 0x000002476e85eda0 Exception <a 'java/lang/NoSuchMethodError'{0x00000000858e6358}: 'java.lang.Object java.lang.invoke.DirectMethodHandle$Holder.invokeSpecial(java.lang.Object, java.lang.Object, java.lang.Object, java.lang.Object, java.lang.Object, java.lang.Object, java.lang.Object, java.lang.Object, java.lang.Object, java.lang.Object, java.lang.Object, java.lang.Object, java.lang.Object, java.lang.Object, java.lang.Object, java.lang.Object, java.lang.Object, java.lang.Object, java.lang.Object, java.lang.Object, java.lang.Ob
Event: 5.153 Thread 0x000002476e85eda0 Exception <a 'java/lang/NoSuchMethodError'{0x00000000858ebfa0}: 'java.lang.Object java.lang.invoke.Invokers$Holder.invoker(java.lang.Object, java.lang.Object, java.lang.Object, java.lang.Object, java.lang.Object, java.lang.Object, java.lang.Object, java.lang.Object, java.lang.Object, java.lang.Object, java.lang.Object, java.lang.Object, java.lang.Object, java.lang.Object, java.lang.Object, java.lang.Object, java.lang.Object, java.lang.Object, java.lang.Object, java.lang.Object, java.lang.Object)'> (0x00000
Event: 5.153 Thread 0x000002476e85eda0 Exception <a 'java/lang/NoSuchMethodError'{0x00000000858f2600}: 'java.lang.Object java.lang.invoke.DelegatingMethodHandle$Holder.delegate(java.lang.Object, java.lang.Object, java.lang.Object, java.lang.Object, java.lang.Object, java.lang.Object, java.lang.Object, java.lang.Object, java.lang.Object, java.lang.Object, java.lang.Object, java.lang.Object, java.lang.Object, java.lang.Object, java.lang.Object, java.lang.Object, java.lang.Object, java.lang.Object, java.lang.Object, java.lang.Object, java.lang.Obj
Event: 5.258 Thread 0x000002476e85eda0 Exception <a 'java/lang/NoSuchMethodError'{0x000000008694fff8}: 'int java.lang.invoke.DirectMethodHandle$Holder.invokeSpecialIFC(java.lang.Object, java.lang.Object, java.lang.Object)'> (0x000000008694fff8) 
thrown [s\src\hotspot\share\interpreter\linkResolver.cpp, line 771]
Event: 5.302 Thread 0x000002476e85eda0 Exception <a 'java/lang/NoSuchMethodError'{0x00000000866de808}: 'java.lang.Object java.lang.invoke.DirectMethodHandle$Holder.newInvokeSpecial(java.lang.Object, java.lang.Object, java.lang.Object, java.lang.Object, java.lang.Object, int)'> (0x00000000866de808) 
thrown [s\src\hotspot\share\interpreter\linkResolver.cpp, line 771]
Event: 5.303 Thread 0x000002476e85eda0 Exception <a 'java/lang/NoSuchMethodError'{0x00000000866e3e60}: 'java.lang.Object java.lang.invoke.DirectMethodHandle$Holder.invokeSpecial(java.lang.Object, java.lang.Object, java.lang.Object, java.lang.Object, java.lang.Object, java.lang.Object, int)'> (0x00000000866e3e60) 
thrown [s\src\hotspot\share\interpreter\linkResolver.cpp, line 771]
Event: 5.314 Thread 0x000002476e85eda0 Exception <a 'java/lang/NoSuchMethodError'{0x0000000086596870}: 'void java.lang.invoke.DirectMethodHandle$Holder.invokeStatic(java.lang.Object, java.lang.Object, java.lang.Object, int, java.lang.Object)'> (0x0000000086596870) 
thrown [s\src\hotspot\share\interpreter\linkResolver.cpp, line 771]
Event: 5.515 Thread 0x000002476e85eda0 Implicit null exception at 0x0000024758d5716f to 0x0000024758d573b8
Event: 5.688 Thread 0x000002476e85eda0 Implicit null exception at 0x0000024758c6b492 to 0x0000024758c6bb6c
Event: 5.813 Thread 0x000002476e85eda0 Exception <a 'java/lang/OutOfMemoryError'{0x0000000088ded600}> (0x0000000088ded600) 
thrown [s\src\hotspot\share\prims\jni.cpp, line 536]
Event: 5.814 Thread 0x000002476e85eda0 Exception <a 'java/lang/NoClassDefFoundError'{0x0000000088df7288}: com/google/protobuf/Internal$EnumLite> (0x0000000088df7288) 
thrown [s\src\hotspot\share\classfile\systemDictionary.cpp, line 245]

VM Operations (20 events):
Event: 5.519 Executing VM operation: ICBufferFull
Event: 5.519 Executing VM operation: ICBufferFull done
Event: 5.528 Executing VM operation: G1CollectForAllocation
Event: 5.534 Executing VM operation: G1CollectForAllocation done
Event: 5.562 Executing VM operation: G1Concurrent
Event: 5.564 Executing VM operation: G1Concurrent done
Event: 5.578 Executing VM operation: G1Concurrent
Event: 5.578 Executing VM operation: G1Concurrent done
Event: 5.688 Executing VM operation: ICBufferFull
Event: 5.688 Executing VM operation: ICBufferFull done
Event: 5.716 Executing VM operation: G1TryInitiateConcMark
Event: 5.719 Executing VM operation: G1TryInitiateConcMark done
Event: 5.731 Executing VM operation: G1TryInitiateConcMark
Event: 5.734 Executing VM operation: G1TryInitiateConcMark done
Event: 5.758 Executing VM operation: G1Concurrent
Event: 5.761 Executing VM operation: G1Concurrent done
Event: 5.773 Executing VM operation: G1Concurrent
Event: 5.773 Executing VM operation: G1Concurrent done
Event: 5.817 Executing VM operation: HandshakeAllThreads
Event: 5.817 Executing VM operation: HandshakeAllThreads done

Events (20 events):
Event: 5.132 loading class java/security/cert/CertificateException done
Event: 5.132 loading class java/security/cert/CertificateParsingException done
Event: 5.132 loading class javax/net/ssl/SSLPeerUnverifiedException
Event: 5.133 loading class javax/net/ssl/SSLPeerUnverifiedException done
Event: 5.149 loading class java/util/Collections$SingletonMap
Event: 5.149 loading class java/util/Collections$SingletonMap done
Event: 5.151 Thread 0x0000024772000340 Thread added: 0x0000024772000340
Event: 5.401 loading class java/util/Collections$2
Event: 5.401 loading class java/util/Collections$2 done
Event: 5.521 Thread 0x0000024771fff000 Thread added: 0x0000024771fff000
Event: 5.521 Thread 0x0000024772003360 Thread added: 0x0000024772003360
Event: 5.522 Thread 0x0000024771ffe190 Thread added: 0x0000024771ffe190
Event: 5.522 Thread 0x0000024771fff4d0 Thread added: 0x0000024771fff4d0
Event: 5.522 Thread 0x0000024771ffe660 Thread added: 0x0000024771ffe660
Event: 5.522 Thread 0x0000024772000ce0 Thread added: 0x0000024772000ce0
Event: 5.522 Thread 0x00000247720011b0 Thread added: 0x00000247720011b0
Event: 5.671 loading class jdk/internal/access/foreign/MemorySegmentProxy
Event: 5.671 loading class jdk/internal/access/foreign/MemorySegmentProxy done
Event: 5.813 loading class java/util/zip/DataFormatException
Event: 5.813 loading class java/util/zip/DataFormatException done


Dynamic libraries:
0x00007ff7b94b0000 - 0x00007ff7b94ba000 	C:\Program Files\Android\Android Studio\jbr\bin\java.exe
0x00007ffac5f70000 - 0x00007ffac6187000 	C:\WINDOWS\SYSTEM32\ntdll.dll
0x00007ffac47b0000 - 0x00007ffac4874000 	C:\WINDOWS\System32\KERNEL32.DLL
0x00007ffac3750000 - 0x00007ffac3af6000 	C:\WINDOWS\System32\KERNELBASE.dll
0x00007ffac3ba0000 - 0x00007ffac3cb1000 	C:\WINDOWS\System32\ucrtbase.dll
0x00007ffaa6a10000 - 0x00007ffaa6a27000 	C:\Program Files\Android\Android Studio\jbr\bin\jli.dll
0x00007ffab1ea0000 - 0x00007ffab1ebb000 	C:\Program Files\Android\Android Studio\jbr\bin\VCRUNTIME140.dll
0x00007ffac53c0000 - 0x00007ffac556e000 	C:\WINDOWS\System32\USER32.dll
0x00007ffac3720000 - 0x00007ffac3746000 	C:\WINDOWS\System32\win32u.dll
0x00007ffaa43e0000 - 0x00007ffaa4673000 	C:\WINDOWS\WinSxS\amd64_microsoft.windows.common-controls_6595b64144ccf1df_6.0.22621.2506_none_270c5ae97388e100\COMCTL32.dll
0x00007ffac4910000 - 0x00007ffac4939000 	C:\WINDOWS\System32\GDI32.dll
0x00007ffac5220000 - 0x00007ffac52c7000 	C:\WINDOWS\System32\msvcrt.dll
0x00007ffac3490000 - 0x00007ffac35a8000 	C:\WINDOWS\System32\gdi32full.dll
0x00007ffac3b00000 - 0x00007ffac3b9a000 	C:\WINDOWS\System32\msvcp_win.dll
0x00007ffac5590000 - 0x00007ffac55c1000 	C:\WINDOWS\System32\IMM32.DLL
0x00007ffab59d0000 - 0x00007ffab59dc000 	C:\Program Files\Android\Android Studio\jbr\bin\vcruntime140_1.dll
0x00007ffa89260000 - 0x00007ffa892ed000 	C:\Program Files\Android\Android Studio\jbr\bin\msvcp140.dll
0x00007ffa6fba0000 - 0x00007ffa70820000 	C:\Program Files\Android\Android Studio\jbr\bin\server\jvm.dll
0x00007ffac5e20000 - 0x00007ffac5ed3000 	C:\WINDOWS\System32\ADVAPI32.dll
0x00007ffac57c0000 - 0x00007ffac5868000 	C:\WINDOWS\System32\sechost.dll
0x00007ffac35b0000 - 0x00007ffac35d8000 	C:\WINDOWS\System32\bcrypt.dll
0x00007ffac4690000 - 0x00007ffac47a7000 	C:\WINDOWS\System32\RPCRT4.dll
0x00007ffabe110000 - 0x00007ffabe119000 	C:\WINDOWS\SYSTEM32\WSOCK32.dll
0x00007ffab6060000 - 0x00007ffab606a000 	C:\WINDOWS\SYSTEM32\VERSION.dll
0x00007ffab63d0000 - 0x00007ffab6404000 	C:\WINDOWS\SYSTEM32\WINMM.dll
0x00007ffac5740000 - 0x00007ffac57b1000 	C:\WINDOWS\System32\WS2_32.dll
0x00007ffac23d0000 - 0x00007ffac23e8000 	C:\WINDOWS\SYSTEM32\kernel.appcore.dll
0x00007ffabe100000 - 0x00007ffabe10a000 	C:\Program Files\Android\Android Studio\jbr\bin\jimage.dll
0x00007ffac0770000 - 0x00007ffac09a3000 	C:\WINDOWS\SYSTEM32\DBGHELP.DLL
0x00007ffac58d0000 - 0x00007ffac5c59000 	C:\WINDOWS\System32\combase.dll
0x00007ffac52d0000 - 0x00007ffac53a7000 	C:\WINDOWS\System32\OLEAUT32.dll
0x00007ffa9f8c0000 - 0x00007ffa9f8f2000 	C:\WINDOWS\SYSTEM32\dbgcore.DLL
0x00007ffac36a0000 - 0x00007ffac371a000 	C:\WINDOWS\System32\bcryptPrimitives.dll
0x00007ffaa8a70000 - 0x00007ffaa8a7e000 	C:\Program Files\Android\Android Studio\jbr\bin\instrument.dll
0x00007ffabe0d0000 - 0x00007ffabe0f5000 	C:\Program Files\Android\Android Studio\jbr\bin\java.dll
0x00007ffaa8bc0000 - 0x00007ffaa8bd8000 	C:\Program Files\Android\Android Studio\jbr\bin\zip.dll
0x00007ffac49c0000 - 0x00007ffac521a000 	C:\WINDOWS\System32\SHELL32.dll
0x00007ffac1200000 - 0x00007ffac1af6000 	C:\WINDOWS\SYSTEM32\windows.storage.dll
0x00007ffac10c0000 - 0x00007ffac11fe000 	C:\WINDOWS\SYSTEM32\wintypes.dll
0x00007ffac4110000 - 0x00007ffac4203000 	C:\WINDOWS\System32\SHCORE.dll
0x00007ffac5870000 - 0x00007ffac58ce000 	C:\WINDOWS\System32\shlwapi.dll
0x00007ffac31e0000 - 0x00007ffac3206000 	C:\WINDOWS\SYSTEM32\profapi.dll
0x00007ffaa8ba0000 - 0x00007ffaa8bb9000 	C:\Program Files\Android\Android Studio\jbr\bin\net.dll
0x00007ffab9eb0000 - 0x00007ffab9fe7000 	C:\WINDOWS\SYSTEM32\WINHTTP.dll
0x00007ffac2850000 - 0x00007ffac28b9000 	C:\WINDOWS\system32\mswsock.dll
0x00007ffaa8b60000 - 0x00007ffaa8b76000 	C:\Program Files\Android\Android Studio\jbr\bin\nio.dll
0x00007ffab12a0000 - 0x00007ffab12b0000 	C:\Program Files\Android\Android Studio\jbr\bin\verify.dll
0x00007ffaa3390000 - 0x00007ffaa33b7000 	C:\Users\Minha Rehman\.gradle\native\68d5fa5c4cc2d200863cafc0d521ce42e7d3e7ee720ec0a83991735586a16f82\windows-amd64\native-platform.dll
0x00007ffa885c0000 - 0x00007ffa88704000 	C:\Users\Minha Rehman\.gradle\native\e376f236ea51e6404a007f0833ffe2c6e607c4080706a723a18a27aeea778392\windows-amd64\native-platform-file-events.dll
0x00007ffaa8b50000 - 0x00007ffaa8b59000 	C:\Program Files\Android\Android Studio\jbr\bin\management.dll
0x00007ffaa8b40000 - 0x00007ffaa8b4b000 	C:\Program Files\Android\Android Studio\jbr\bin\management_ext.dll
0x00007ffac53b0000 - 0x00007ffac53b8000 	C:\WINDOWS\System32\PSAPI.DLL
0x00007ffac2aa0000 - 0x00007ffac2abb000 	C:\WINDOWS\SYSTEM32\CRYPTSP.dll
0x00007ffac2330000 - 0x00007ffac2365000 	C:\WINDOWS\system32\rsaenh.dll
0x00007ffac2940000 - 0x00007ffac296c000 	C:\WINDOWS\SYSTEM32\USERENV.dll
0x00007ffac2ac0000 - 0x00007ffac2acc000 	C:\WINDOWS\SYSTEM32\CRYPTBASE.dll
0x00007ffac1d50000 - 0x00007ffac1d7d000 	C:\WINDOWS\SYSTEM32\IPHLPAPI.DLL
0x00007ffac5730000 - 0x00007ffac5739000 	C:\WINDOWS\System32\NSI.dll
0x00007ffab9df0000 - 0x00007ffab9e09000 	C:\WINDOWS\SYSTEM32\dhcpcsvc6.DLL
0x00007ffab9db0000 - 0x00007ffab9dcf000 	C:\WINDOWS\SYSTEM32\dhcpcsvc.DLL
0x00007ffac1d80000 - 0x00007ffac1e79000 	C:\WINDOWS\SYSTEM32\DNSAPI.dll
0x00007ffab8a10000 - 0x00007ffab8a18000 	C:\WINDOWS\system32\wshunix.dll

dbghelp: loaded successfully - version: 4.0.5 - missing functions: none
symbol engine: initialized successfully - sym options: 0x614 - pdb path: .;C:\Program Files\Android\Android Studio\jbr\bin;C:\WINDOWS\SYSTEM32;C:\WINDOWS\WinSxS\amd64_microsoft.windows.common-controls_6595b64144ccf1df_6.0.22621.2506_none_270c5ae97388e100;C:\Program Files\Android\Android Studio\jbr\bin\server;C:\Users\Minha Rehman\.gradle\native\68d5fa5c4cc2d200863cafc0d521ce42e7d3e7ee720ec0a83991735586a16f82\windows-amd64;C:\Users\Minha Rehman\.gradle\native\e376f236ea51e6404a007f0833ffe2c6e607c4080706a723a18a27aeea778392\windows-amd64

VM Arguments:
jvm_args: --add-opens=java.base/java.util=ALL-UNNAMED --add-opens=java.base/java.lang=ALL-UNNAMED --add-opens=java.base/java.lang.invoke=ALL-UNNAMED --add-opens=java.prefs/java.util.prefs=ALL-UNNAMED --add-opens=java.base/java.nio.charset=ALL-UNNAMED --add-opens=java.base/java.net=ALL-UNNAMED --add-opens=java.base/java.util.concurrent.atomic=ALL-UNNAMED -Xmx2048m -Dfile.encoding=UTF-8 -Duser.country=US -Duser.language=en -Duser.variant -javaagent:C:\Users\Minha Rehman\.gradle\wrapper\dists\gradle-8.2-bin\bbg7u40eoinfdyxsxr3z4i7ta\gradle-8.2\lib\agents\gradle-instrumentation-agent-8.2.jar 
java_command: org.gradle.launcher.daemon.bootstrap.GradleDaemon 8.2
java_class_path (initial): C:\Users\Minha Rehman\.gradle\wrapper\dists\gradle-8.2-bin\bbg7u40eoinfdyxsxr3z4i7ta\gradle-8.2\lib\gradle-launcher-8.2.jar
Launcher Type: SUN_STANDARD

[Global flags]
     intx CICompilerCount                          = 4                                         {product} {ergonomic}
     uint ConcGCThreads                            = 2                                         {product} {ergonomic}
     uint G1ConcRefinementThreads                  = 8                                         {product} {ergonomic}
   size_t G1HeapRegionSize                         = 1048576                                   {product} {ergonomic}
    uintx GCDrainStackTargetSize                   = 64                                        {product} {ergonomic}
   size_t InitialHeapSize                          = 130023424                                 {product} {ergonomic}
   size_t MarkStackSize                            = 4194304                                   {product} {ergonomic}
   size_t MaxHeapSize                              = 2147483648                                {product} {command line}
   size_t MaxNewSize                               = 1287651328                                {product} {ergonomic}
   size_t MinHeapDeltaBytes                        = 1048576                                   {product} {ergonomic}
   size_t MinHeapSize                              = 8388608                                   {product} {ergonomic}
    uintx NonNMethodCodeHeapSize                   = 5839372                                {pd product} {ergonomic}
    uintx NonProfiledCodeHeapSize                  = 122909434                              {pd product} {ergonomic}
    uintx ProfiledCodeHeapSize                     = 122909434                              {pd product} {ergonomic}
    uintx ReservedCodeCacheSize                    = 251658240                              {pd product} {ergonomic}
     bool SegmentedCodeCache                       = true                                      {product} {ergonomic}
   size_t SoftMaxHeapSize                          = 2147483648                             {manageable} {ergonomic}
     bool UseCompressedClassPointers               = true                           {product lp64_product} {ergonomic}
     bool UseCompressedOops                        = true                           {product lp64_product} {ergonomic}
     bool UseG1GC                                  = true                                      {product} {ergonomic}
     bool UseLargePagesIndividualAllocation        = false                                  {pd product} {ergonomic}

Logging:
Log output configuration:
 #0: stdout all=warning uptime,level,tags
 #1: stderr all=off uptime,level,tags

Environment Variables:
PATH=C:\Program Files (x86)\VMware\VMware Workstation\bin\;C:\Program Files\Common Files\Oracle\Java\javapath;C:\windows\system32;C:\windows;C:\windows\System32\Wbem;C:\windows\System32\WindowsPowerShell\v1.0\;C:\windows\System32\OpenSSH\;C:\opencv\build\x64\vc15\bin;C:\Program Files (x86)\Microsoft SQL Server\160\Tools\Binn\;C:\Program Files\Microsoft SQL Server\160\Tools\Binn\;C:\Program Files\Microsoft SQL Server\Client SDK\ODBC\170\Tools\Binn\;C:\Program Files\Microsoft SQL Server\160\DTS\Binn\;C:\Program Files (x86)\Microsoft SQL Server\160\DTS\Binn\;C:\Program Files\Azure Data Studio\bin;C:\Program Files\dotnet\;C:\Program Files\Microsoft SQL Server\150\Tools\Binn\;C:\WINDOWS\system32;C:\WINDOWS;C:\WINDOWS\System32\Wbem;C:\WINDOWS\System32\WindowsPowerShell\v1.0\;C:\WINDOWS\System32\OpenSSH\;C:\Users\Minha Rehman\Anaconda3\Scripts;C:\msys64\ucrt64\bin;C:\msys64\usr\bin;C:\Program Files\MongoDB\Server\7.0\bin;C:\mongosh-2.0.1-win32-x64\mongosh-2.0.1-win32-x64\bin;C:\Users\Minha Rehman\AppData\Local\Microsoft\WindowsApps;C:\Program Files\Azure Data Studio\bin;C:\Users\Minha Rehman\.dotnet\tools;C:\Users\Minha Rehman\AppData\Local\Programs\Microsoft VS Code\bin;C:\msys64\ucrt64\bin;C:\msys64\usr\bin
USERNAME=Minha Rehman
OS=Windows_NT
PROCESSOR_IDENTIFIER=Intel64 Family 6 Model 140 Stepping 1, GenuineIntel
TMP=C:\Users\MINHAR~1\AppData\Local\Temp
TEMP=C:\Users\MINHAR~1\AppData\Local\Temp


JNI global refs:
JNI global refs: 26, weak refs: 0

JNI global refs memory usage: 843, weak refs: 841

OOME stack traces (most recent first):
Classloader memory used:
