#
# There is insufficient memory for the Java Runtime Environment to continue.
# Native memory allocation (mmap) failed to map 6291456 bytes for G1 virtual space
# Possible reasons:
#   The system is out of physical RAM or swap space
#   The process is running with CompressedOops enabled, and the Java Heap may be blocking the growth of the native heap
# Possible solutions:
#   Reduce memory load on the system
#   Increase physical memory or swap space
#   Check if swap backing store is full
#   Decrease Java heap size (-Xmx/-Xms)
#   Decrease number of Java threads
#   Decrease Java thread stack sizes (-Xss)
#   Set larger code cache with -XX:ReservedCodeCacheSize=
#   JVM is running with Unscaled Compressed Oops mode in which the Java heap is
#     placed in the first 4GB address space. The Java Heap base address is the
#     maximum limit for the native heap growth. Please use -XX:HeapBaseMinAddress
#     to set the Java Heap base and to place the Java Heap above 4GB virtual address.
# This output file may be truncated or incomplete.
#
#  Out of Memory Error (os_windows.cpp:3771), pid=13812, tid=7780
#
# JRE version: OpenJDK Runtime Environment (17.0.7) (build 17.0.7+0-b2043.56-10550314)
# Java VM: OpenJDK 64-Bit Server VM (17.0.7+0-b2043.56-10550314, mixed mode, tiered, compressed oops, compressed class ptrs, g1 gc, windows-amd64)
# No core dump will be written. Minidumps are not enabled by default on client versions of Windows
#

---------------  S U M M A R Y ------------

Command Line: --add-opens=java.base/java.util=ALL-UNNAMED --add-opens=java.base/java.lang=ALL-UNNAMED --add-opens=java.base/java.lang.invoke=ALL-UNNAMED --add-opens=java.prefs/java.util.prefs=ALL-UNNAMED --add-opens=java.base/java.nio.charset=ALL-UNNAMED --add-opens=java.base/java.net=ALL-UNNAMED --add-opens=java.base/java.util.concurrent.atomic=ALL-UNNAMED -Xmx2048m -Dfile.encoding=UTF-8 -Duser.country=US -Duser.language=en -Duser.variant -javaagent:C:\Users\Minha Rehman\.gradle\wrapper\dists\gradle-8.2-bin\bbg7u40eoinfdyxsxr3z4i7ta\gradle-8.2\lib\agents\gradle-instrumentation-agent-8.2.jar org.gradle.launcher.daemon.bootstrap.GradleDaemon 8.2

Host: 11th Gen Intel(R) Core(TM) i5-1135G7 @ 2.40GHz, 8 cores, 7G,  Windows 11 , 64 bit Build 22621 (10.0.22621.2506)
Time: Mon Feb 12 21:11:28 2024 Pakistan Standard Time elapsed time: 3.605841 seconds (0d 0h 0m 3s)

---------------  T H R E A D  ---------------

Current thread (0x000001f47f77e640):  VMThread "VM Thread" [stack: 0x00000007a7f00000,0x00000007a8000000] [id=7780]

Stack: [0x00000007a7f00000,0x00000007a8000000]
Native frames: (J=compiled Java code, j=interpreted, Vv=VM code, C=native code)
V  [jvm.dll+0x683bfa]
V  [jvm.dll+0x8430a4]
V  [jvm.dll+0x8449be]
V  [jvm.dll+0x845023]
V  [jvm.dll+0x24ad2f]
V  [jvm.dll+0x680ac9]
V  [jvm.dll+0x67519a]
V  [jvm.dll+0x30b3cb]
V  [jvm.dll+0x312876]
V  [jvm.dll+0x36221e]
V  [jvm.dll+0x36244f]
V  [jvm.dll+0x2e14a8]
V  [jvm.dll+0x2e4596]
V  [jvm.dll+0x2eed58]
V  [jvm.dll+0x323a40]
V  [jvm.dll+0x8496eb]
V  [jvm.dll+0x84a424]
V  [jvm.dll+0x84a93d]
V  [jvm.dll+0x84ad14]
V  [jvm.dll+0x84ade0]
V  [jvm.dll+0x7f2aea]
V  [jvm.dll+0x682a35]
C  [ucrtbase.dll+0x29363]
C  [KERNEL32.DLL+0x1257d]
C  [ntdll.dll+0x5aa58]

VM_Operation (0x00000007a7bffa00): G1Concurrent, mode: safepoint, requested by thread 0x000001f47ab90070


---------------  P R O C E S S  ---------------

Threads class SMR info:
_java_thread_list=0x000001f41bf75b70, length=39, elements={
0x000001f47ab25d20, 0x000001f47fadf030, 0x000001f47fadf7f0, 0x000001f47fb20680,
0x000001f47fb21140, 0x000001f47fb23d00, 0x000001f47fb266c0, 0x000001f47fb279b0,
0x000001f47fb28450, 0x000001f47fb34350, 0x000001f47fc495a0, 0x000001f47fde3a30,
0x000001f47febd030, 0x000001f41a5acfd0, 0x000001f41a1a3190, 0x000001f41b783e80,
0x000001f41a2ac0f0, 0x000001f41a5ed390, 0x000001f41a5ec050, 0x000001f41a5ecec0,
0x000001f41a5ef070, 0x000001f41a5ef540, 0x000001f41a5ee6d0, 0x000001f41a5eeba0,
0x000001f41a5ed860, 0x000001f41a5ebb80, 0x000001f41a5ec520, 0x000001f41a5ec9f0,
0x000001f41a5edd30, 0x000001f41a5ee200, 0x000001f41b0c5bc0, 0x000001f41b0bf6b0,
0x000001f41b0c1860, 0x000001f41b0c6090, 0x000001f41b0c4880, 0x000001f41b0c6560,
0x000001f41b0c1d30, 0x000001f41b0c0050, 0x000001f41b0c6f00
}

Java Threads: ( => current thread )
  0x000001f47ab25d20 JavaThread "main" [_thread_blocked, id=6960, stack(0x00000007a7900000,0x00000007a7a00000)]
  0x000001f47fadf030 JavaThread "Reference Handler" daemon [_thread_blocked, id=9732, stack(0x00000007a8000000,0x00000007a8100000)]
  0x000001f47fadf7f0 JavaThread "Finalizer" daemon [_thread_blocked, id=4120, stack(0x00000007a8100000,0x00000007a8200000)]
  0x000001f47fb20680 JavaThread "Signal Dispatcher" daemon [_thread_blocked, id=1424, stack(0x00000007a8200000,0x00000007a8300000)]
  0x000001f47fb21140 JavaThread "Attach Listener" daemon [_thread_blocked, id=5188, stack(0x00000007a8300000,0x00000007a8400000)]
  0x000001f47fb23d00 JavaThread "Service Thread" daemon [_thread_blocked, id=7380, stack(0x00000007a8400000,0x00000007a8500000)]
  0x000001f47fb266c0 JavaThread "Monitor Deflation Thread" daemon [_thread_blocked, id=2196, stack(0x00000007a8500000,0x00000007a8600000)]
  0x000001f47fb279b0 JavaThread "C2 CompilerThread0" daemon [_thread_blocked, id=2052, stack(0x00000007a8600000,0x00000007a8700000)]
  0x000001f47fb28450 JavaThread "C1 CompilerThread0" daemon [_thread_blocked, id=11604, stack(0x00000007a8700000,0x00000007a8800000)]
  0x000001f47fb34350 JavaThread "Sweeper thread" daemon [_thread_blocked, id=11800, stack(0x00000007a8800000,0x00000007a8900000)]
  0x000001f47fc495a0 JavaThread "Common-Cleaner" daemon [_thread_blocked, id=6268, stack(0x00000007a8900000,0x00000007a8a00000)]
  0x000001f47fde3a30 JavaThread "Notification Thread" daemon [_thread_blocked, id=13796, stack(0x00000007a8a00000,0x00000007a8b00000)]
  0x000001f47febd030 JavaThread "C2 CompilerThread1" daemon [_thread_blocked, id=4388, stack(0x00000007a8c00000,0x00000007a8d00000)]
  0x000001f41a5acfd0 JavaThread "Daemon health stats" [_thread_blocked, id=6136, stack(0x00000007a9200000,0x00000007a9300000)]
  0x000001f41a1a3190 JavaThread "Incoming local TCP Connector on port 49987" [_thread_in_native, id=2148, stack(0x00000007a9300000,0x00000007a9400000)]
  0x000001f41b783e80 JavaThread "Daemon periodic checks" [_thread_blocked, id=10304, stack(0x00000007a9400000,0x00000007a9500000)]
  0x000001f41a2ac0f0 JavaThread "Daemon" [_thread_blocked, id=11996, stack(0x00000007a9500000,0x00000007a9600000)]
  0x000001f41a5ed390 JavaThread "Handler for socket connection from /127.0.0.1:49987 to /127.0.0.1:49988" [_thread_in_native, id=3484, stack(0x00000007a9600000,0x00000007a9700000)]
  0x000001f41a5ec050 JavaThread "Cancel handler" [_thread_blocked, id=8696, stack(0x00000007a9700000,0x00000007a9800000)]
  0x000001f41a5ecec0 JavaThread "Daemon worker" [_thread_blocked, id=9000, stack(0x00000007a9800000,0x00000007a9900000)]
  0x000001f41a5ef070 JavaThread "Asynchronous log dispatcher for DefaultDaemonConnection: socket connection from /127.0.0.1:49987 to /127.0.0.1:49988" [_thread_blocked, id=10844, stack(0x00000007a9900000,0x00000007a9a00000)]
  0x000001f41a5ef540 JavaThread "Stdin handler" [_thread_blocked, id=7608, stack(0x00000007a9a00000,0x00000007a9b00000)]
  0x000001f41a5ee6d0 JavaThread "Daemon client event forwarder" [_thread_blocked, id=18792, stack(0x00000007a9b00000,0x00000007a9c00000)]
  0x000001f41a5eeba0 JavaThread "Cache worker for journal cache (C:\Users\Minha Rehman\.gradle\caches\journal-1)" [_thread_blocked, id=18980, stack(0x00000007a9100000,0x00000007a9200000)]
  0x000001f41a5ed860 JavaThread "File lock request listener" [_thread_in_native, id=5564, stack(0x00000007aa000000,0x00000007aa100000)]
  0x000001f41a5ebb80 JavaThread "Cache worker for file hash cache (C:\Users\Minha Rehman\.gradle\caches\8.2\fileHashes)" [_thread_blocked, id=1484, stack(0x00000007aa100000,0x00000007aa200000)]
  0x000001f41a5ec520 JavaThread "File watcher server" daemon [_thread_in_native, id=1764, stack(0x00000007aa300000,0x00000007aa400000)]
  0x000001f41a5ec9f0 JavaThread "File watcher consumer" daemon [_thread_blocked, id=9360, stack(0x00000007aa400000,0x00000007aa500000)]
  0x000001f41a5edd30 JavaThread "jar transforms" [_thread_blocked, id=15304, stack(0x00000007aa500000,0x00000007aa600000)]
  0x000001f41a5ee200 JavaThread "jar transforms Thread 2" [_thread_blocked, id=6076, stack(0x00000007aa600000,0x00000007aa700000)]
  0x000001f41b0c5bc0 JavaThread "jar transforms Thread 3" [_thread_blocked, id=4716, stack(0x00000007aa700000,0x00000007aa800000)]
  0x000001f41b0bf6b0 JavaThread "jar transforms Thread 4" [_thread_blocked, id=3448, stack(0x00000007aa800000,0x00000007aa900000)]
  0x000001f41b0c1860 JavaThread "jar transforms Thread 5" [_thread_blocked, id=6356, stack(0x00000007aa900000,0x00000007aaa00000)]
  0x000001f41b0c6090 JavaThread "jar transforms Thread 6" [_thread_blocked, id=15764, stack(0x00000007aaa00000,0x00000007aab00000)]
  0x000001f41b0c4880 JavaThread "jar transforms Thread 7" [_thread_blocked, id=2968, stack(0x00000007aab00000,0x00000007aac00000)]
  0x000001f41b0c6560 JavaThread "jar transforms Thread 8" [_thread_blocked, id=8416, stack(0x00000007aac00000,0x00000007aad00000)]
  0x000001f41b0c1d30 JavaThread "Cache worker for checksums cache (C:\Users\Minha Rehman\AndroidStudioProjects\Library\.gradle\8.2\checksums)" [_thread_blocked, id=9164, stack(0x00000007aa200000,0x00000007aa300000)]
  0x000001f41b0c0050 JavaThread "Cache worker for cache directory md-rule (C:\Users\Minha Rehman\.gradle\caches\8.2\md-rule)" [_thread_blocked, id=9572, stack(0x00000007aad00000,0x00000007aae00000)]
  0x000001f41b0c6f00 JavaThread "Cache worker for file content cache (C:\Users\Minha Rehman\.gradle\caches\8.2\fileContent)" [_thread_blocked, id=7764, stack(0x00000007aae00000,0x00000007aaf00000)]

Other Threads:
=>0x000001f47f77e640 VMThread "VM Thread" [stack: 0x00000007a7f00000,0x00000007a8000000] [id=7780]
  0x000001f47fe49ac0 WatcherThread [stack: 0x00000007a8b00000,0x00000007a8c00000] [id=17172]
  0x000001f47895e800 GCTaskThread "GC Thread#0" [stack: 0x00000007a7a00000,0x00000007a7b00000] [id=1432]
  0x000001f419992900 GCTaskThread "GC Thread#1" [stack: 0x00000007a8d00000,0x00000007a8e00000] [id=3764]
  0x000001f419a428d0 GCTaskThread "GC Thread#2" [stack: 0x00000007a8e00000,0x00000007a8f00000] [id=6620]
  0x000001f419a52930 GCTaskThread "GC Thread#3" [stack: 0x00000007a8f00000,0x00000007a9000000] [id=4620]
  0x000001f419bff4c0 GCTaskThread "GC Thread#4" [stack: 0x00000007a9000000,0x00000007a9100000] [id=15280]
  0x000001f41b654e00 GCTaskThread "GC Thread#5" [stack: 0x00000007a9c00000,0x00000007a9d00000] [id=1480]
  0x000001f41b26f5a0 GCTaskThread "GC Thread#6" [stack: 0x00000007a9d00000,0x00000007a9e00000] [id=7828]
  0x000001f41aa3a4f0 GCTaskThread "GC Thread#7" [stack: 0x00000007a9e00000,0x00000007a9f00000] [id=14688]
  0x000001f47ab90070 ConcurrentGCThread "G1 Main Marker" [stack: 0x00000007a7b00000,0x00000007a7c00000] [id=2564]
  0x000001f47ab90990 ConcurrentGCThread "G1 Conc#0" [stack: 0x00000007a7c00000,0x00000007a7d00000] [id=18220]
  0x000001f41b1687e0 ConcurrentGCThread "G1 Conc#1" [stack: 0x00000007a9f00000,0x00000007aa000000] [id=15136]
  0x000001f47f5f4350 ConcurrentGCThread "G1 Refine#0" [stack: 0x00000007a7d00000,0x00000007a7e00000] [id=14332]
  0x000001f47f5f4d70 ConcurrentGCThread "G1 Service" [stack: 0x00000007a7e00000,0x00000007a7f00000] [id=12896]

Threads with active compile tasks:

VM state: at safepoint (normal execution)

VM Mutex/Monitor currently owned by a thread:  ([mutex/lock_event])
[0x000001f47ab21b70] Threads_lock - owner thread: 0x000001f47f77e640
[0x000001f47ab21660] Heap_lock - owner thread: 0x000001f47ab90070

Heap address: 0x0000000080000000, size: 2048 MB, Compressed Oops mode: 32-bit

CDS archive(s) not mapped
Compressed class space mapped at: 0x0000000100000000-0x0000000140000000, reserved size: 1073741824
Narrow klass base: 0x0000000000000000, Narrow klass shift: 3, Narrow klass range: 0x140000000

GC Precious Log:
 CPUs: 8 total, 8 available
 Memory: 7834M
 Large Page Support: Disabled
 NUMA Support: Disabled
 Compressed Oops: Enabled (32-bit)
 Heap Region Size: 1M
 Heap Min Capacity: 8M
 Heap Initial Capacity: 124M
 Heap Max Capacity: 2G
 Pre-touch: Disabled
 Parallel Workers: 8
 Concurrent Workers: 2
 Concurrent Refinement Workers: 8
 Periodic GC: Disabled

Heap:
 garbage-first heap   total 80896K, used 49819K [0x0000000080000000, 0x0000000100000000)
  region size 1024K, 2 young (2048K), 1 survivors (1024K)
 Metaspace       used 33011K, committed 33408K, reserved 1114112K
  class space    used 4554K, committed 4736K, reserved 1048576K

Heap Regions: E=young(eden), S=young(survivor), O=old, HS=humongous(starts), HC=humongous(continues), CS=collection set, F=free, OA=open archive, CA=closed archive, TAMS=top-at-mark-start (previous, next)
|   0|0x0000000080000000, 0x0000000080100000, 0x0000000080100000|100%|HS|  |TAMS 0x0000000080100000, 0x0000000080000000| Complete 
|   1|0x0000000080100000, 0x0000000080200000, 0x0000000080200000|100%|HC|  |TAMS 0x0000000080200000, 0x0000000080100000| Complete 
|   2|0x0000000080200000, 0x0000000080300000, 0x0000000080300000|100%|HC|  |TAMS 0x0000000080300000, 0x0000000080200000| Complete 
|   3|0x0000000080300000, 0x0000000080400000, 0x0000000080400000|100%|HC|  |TAMS 0x0000000080400000, 0x0000000080300000| Complete 
|   4|0x0000000080400000, 0x0000000080500000, 0x0000000080500000|100%| O|  |TAMS 0x0000000080500000, 0x0000000080400000| Untracked 
|   5|0x0000000080500000, 0x0000000080600000, 0x0000000080600000|100%| O|  |TAMS 0x0000000080600000, 0x0000000080500000| Untracked 
|   6|0x0000000080600000, 0x0000000080700000, 0x0000000080700000|100%| O|  |TAMS 0x0000000080700000, 0x0000000080600000| Untracked 
|   7|0x0000000080700000, 0x0000000080800000, 0x0000000080800000|100%| O|  |TAMS 0x0000000080800000, 0x0000000080700000| Updating 
|   8|0x0000000080800000, 0x0000000080900000, 0x0000000080900000|100%| O|  |TAMS 0x0000000080900000, 0x0000000080800000| Untracked 
|   9|0x0000000080900000, 0x0000000080a00000, 0x0000000080a00000|100%| O|  |TAMS 0x0000000080a00000, 0x0000000080900000| Untracked 
|  10|0x0000000080a00000, 0x0000000080a6de00, 0x0000000080b00000| 42%| O|  |TAMS 0x0000000080a6de00, 0x0000000080a00000| Updating 
|  11|0x0000000080b00000, 0x0000000080c00000, 0x0000000080c00000|100%| O|  |TAMS 0x0000000080c00000, 0x0000000080b00000| Untracked 
|  12|0x0000000080c00000, 0x0000000080d00000, 0x0000000080d00000|100%| O|  |TAMS 0x0000000080d00000, 0x0000000080c00000| Untracked 
|  13|0x0000000080d00000, 0x0000000080e00000, 0x0000000080e00000|100%| O|  |TAMS 0x0000000080e00000, 0x0000000080d00000| Untracked 
|  14|0x0000000080e00000, 0x0000000080f00000, 0x0000000080f00000|100%| O|  |TAMS 0x0000000080f00000, 0x0000000080e00000| Updating 
|  15|0x0000000080f00000, 0x0000000081000000, 0x0000000081000000|100%| O|  |TAMS 0x0000000081000000, 0x0000000080f00000| Untracked 
|  16|0x0000000081000000, 0x0000000081100000, 0x0000000081100000|100%| O|  |TAMS 0x0000000081100000, 0x0000000081000000| Untracked 
|  17|0x0000000081100000, 0x0000000081200000, 0x0000000081200000|100%| O|  |TAMS 0x0000000081200000, 0x0000000081100000| Untracked 
|  18|0x0000000081200000, 0x0000000081300000, 0x0000000081300000|100%| O|  |TAMS 0x0000000081300000, 0x0000000081200000| Updating 
|  19|0x0000000081300000, 0x0000000081400000, 0x0000000081400000|100%|HS|  |TAMS 0x0000000081400000, 0x0000000081300000| Complete 
|  20|0x0000000081400000, 0x0000000081500000, 0x0000000081500000|100%|HC|  |TAMS 0x0000000081500000, 0x0000000081400000| Complete 
|  21|0x0000000081500000, 0x0000000081600000, 0x0000000081600000|100%|HS|  |TAMS 0x0000000081600000, 0x0000000081500000| Complete 
|  22|0x0000000081600000, 0x0000000081700000, 0x0000000081700000|100%|HC|  |TAMS 0x0000000081700000, 0x0000000081600000| Complete 
|  23|0x0000000081700000, 0x0000000081800000, 0x0000000081800000|100%|HC|  |TAMS 0x0000000081800000, 0x0000000081700000| Complete 
|  24|0x0000000081800000, 0x0000000081900000, 0x0000000081900000|100%|HS|  |TAMS 0x0000000081900000, 0x0000000081800000| Complete 
|  25|0x0000000081900000, 0x0000000081a00000, 0x0000000081a00000|100%|HC|  |TAMS 0x0000000081a00000, 0x0000000081900000| Complete 
|  26|0x0000000081a00000, 0x0000000081b00000, 0x0000000081b00000|100%| O|  |TAMS 0x0000000081b00000, 0x0000000081a00000| Untracked 
|  27|0x0000000081b00000, 0x0000000081c00000, 0x0000000081c00000|100%| O|  |TAMS 0x0000000081c00000, 0x0000000081b00000| Untracked 
|  28|0x0000000081c00000, 0x0000000081d00000, 0x0000000081d00000|100%| O|  |TAMS 0x0000000081d00000, 0x0000000081c00000| Untracked 
|  29|0x0000000081d00000, 0x0000000081e00000, 0x0000000081e00000|100%| O|  |TAMS 0x0000000081e00000, 0x0000000081d00000| Untracked 
|  30|0x0000000081e00000, 0x0000000081f00000, 0x0000000081f00000|100%| O|  |TAMS 0x0000000081f00000, 0x0000000081e00000| Updating 
|  31|0x0000000081f00000, 0x0000000082000000, 0x0000000082000000|100%|HS|  |TAMS 0x0000000082000000, 0x0000000081f00000| Complete 
|  32|0x0000000082000000, 0x0000000082100000, 0x0000000082100000|100%|HC|  |TAMS 0x0000000082100000, 0x0000000082000000| Complete 
|  33|0x0000000082100000, 0x0000000082200000, 0x0000000082200000|100%|HC|  |TAMS 0x0000000082200000, 0x0000000082100000| Complete 
|  34|0x0000000082200000, 0x0000000082300000, 0x0000000082300000|100%|HC|  |TAMS 0x0000000082300000, 0x0000000082200000| Complete 
|  35|0x0000000082300000, 0x0000000082400000, 0x0000000082400000|100%|HC|  |TAMS 0x0000000082400000, 0x0000000082300000| Complete 
|  36|0x0000000082400000, 0x0000000082500000, 0x0000000082500000|100%|HC|  |TAMS 0x0000000082500000, 0x0000000082400000| Complete 
|  37|0x0000000082500000, 0x0000000082600000, 0x0000000082600000|100%|HC|  |TAMS 0x0000000082600000, 0x0000000082500000| Complete 
|  38|0x0000000082600000, 0x0000000082700000, 0x0000000082700000|100%|HC|  |TAMS 0x0000000082700000, 0x0000000082600000| Complete 
|  39|0x0000000082700000, 0x0000000082800000, 0x0000000082800000|100%|HC|  |TAMS 0x0000000082800000, 0x0000000082700000| Complete 
|  40|0x0000000082800000, 0x0000000082900000, 0x0000000082900000|100%|HC|  |TAMS 0x0000000082900000, 0x0000000082800000| Complete 
|  41|0x0000000082900000, 0x0000000082a00000, 0x0000000082a00000|100%|HC|  |TAMS 0x0000000082a00000, 0x0000000082900000| Complete 
|  42|0x0000000082a00000, 0x0000000082b00000, 0x0000000082b00000|100%|HC|  |TAMS 0x0000000082b00000, 0x0000000082a00000| Complete 
|  43|0x0000000082b00000, 0x0000000082c00000, 0x0000000082c00000|100%|HS|  |TAMS 0x0000000082c00000, 0x0000000082b00000| Complete 
|  44|0x0000000082c00000, 0x0000000082d00000, 0x0000000082d00000|100%|HC|  |TAMS 0x0000000082d00000, 0x0000000082c00000| Complete 
|  45|0x0000000082d00000, 0x0000000082e00000, 0x0000000082e00000|100%| O|  |TAMS 0x0000000082e00000, 0x0000000082d00000| Updating 
|  46|0x0000000082e00000, 0x0000000082f00000, 0x0000000082f00000|100%| O|  |TAMS 0x0000000082e7a400, 0x0000000082e00000| Untracked 
|  47|0x0000000082f00000, 0x0000000083000000, 0x0000000083000000|100%| O|  |TAMS 0x0000000082f00000, 0x0000000082f00000| Untracked 
|  48|0x0000000083000000, 0x00000000830b4e00, 0x0000000083100000| 70%| O|  |TAMS 0x0000000083000000, 0x0000000083000000| Updating 
|  49|0x0000000083100000, 0x0000000083100000, 0x0000000083200000|  0%| F|  |TAMS 0x0000000083100000, 0x0000000083100000| Untracked 
|  50|0x0000000083200000, 0x0000000083200000, 0x0000000083300000|  0%| F|  |TAMS 0x0000000083200000, 0x0000000083200000| Untracked 
|  51|0x0000000083300000, 0x0000000083300000, 0x0000000083400000|  0%| F|  |TAMS 0x0000000083300000, 0x0000000083300000| Untracked 
|  52|0x0000000083400000, 0x0000000083400000, 0x0000000083500000|  0%| F|  |TAMS 0x0000000083400000, 0x0000000083400000| Untracked 
|  53|0x0000000083500000, 0x0000000083500000, 0x0000000083600000|  0%| F|  |TAMS 0x0000000083500000, 0x0000000083500000| Untracked 
|  54|0x0000000083600000, 0x0000000083600000, 0x0000000083700000|  0%| F|  |TAMS 0x0000000083600000, 0x0000000083600000| Untracked 
|  55|0x0000000083700000, 0x0000000083700000, 0x0000000083800000|  0%| F|  |TAMS 0x0000000083700000, 0x0000000083700000| Untracked 
|  56|0x0000000083800000, 0x0000000083800000, 0x0000000083900000|  0%| F|  |TAMS 0x0000000083800000, 0x0000000083800000| Untracked 
|  57|0x0000000083900000, 0x0000000083900000, 0x0000000083a00000|  0%| F|  |TAMS 0x0000000083900000, 0x0000000083900000| Untracked 
|  58|0x0000000083a00000, 0x0000000083a00000, 0x0000000083b00000|  0%| F|  |TAMS 0x0000000083a00000, 0x0000000083a00000| Untracked 
|  59|0x0000000083b00000, 0x0000000083b00000, 0x0000000083c00000|  0%| F|  |TAMS 0x0000000083b00000, 0x0000000083b00000| Untracked 
|  60|0x0000000083c00000, 0x0000000083c00000, 0x0000000083d00000|  0%| F|  |TAMS 0x0000000083c00000, 0x0000000083c00000| Untracked 
|  61|0x0000000083d00000, 0x0000000083d00000, 0x0000000083e00000|  0%| F|  |TAMS 0x0000000083d00000, 0x0000000083d00000| Untracked 
|  62|0x0000000083e00000, 0x0000000083e00000, 0x0000000083f00000|  0%| F|  |TAMS 0x0000000083e00000, 0x0000000083e00000| Untracked 
|  63|0x0000000083f00000, 0x0000000083f00000, 0x0000000084000000|  0%| F|  |TAMS 0x0000000083f00000, 0x0000000083f00000| Untracked 
|  64|0x0000000084000000, 0x0000000084000000, 0x0000000084100000|  0%| F|  |TAMS 0x0000000084000000, 0x0000000084000000| Untracked 
|  65|0x0000000084100000, 0x0000000084100000, 0x0000000084200000|  0%| F|  |TAMS 0x0000000084100000, 0x0000000084100000| Untracked 
|  66|0x0000000084200000, 0x0000000084200000, 0x0000000084300000|  0%| F|  |TAMS 0x0000000084200000, 0x0000000084200000| Untracked 
|  67|0x0000000084300000, 0x0000000084384240, 0x0000000084400000| 51%| S|CS|TAMS 0x0000000084300000, 0x0000000084300000| Complete 
|  68|0x0000000084400000, 0x0000000084400000, 0x0000000084500000|  0%| F|  |TAMS 0x0000000084400000, 0x0000000084400000| Untracked 
|  69|0x0000000084500000, 0x0000000084500000, 0x0000000084600000|  0%| F|  |TAMS 0x0000000084500000, 0x0000000084500000| Untracked 
|  70|0x0000000084600000, 0x0000000084600000, 0x0000000084700000|  0%| F|  |TAMS 0x0000000084600000, 0x0000000084600000| Untracked 
|  71|0x0000000084700000, 0x0000000084700000, 0x0000000084800000|  0%| F|  |TAMS 0x0000000084700000, 0x0000000084700000| Untracked 
|  72|0x0000000084800000, 0x0000000084800000, 0x0000000084900000|  0%| F|  |TAMS 0x0000000084800000, 0x0000000084800000| Untracked 
|  73|0x0000000084900000, 0x0000000084900000, 0x0000000084a00000|  0%| F|  |TAMS 0x0000000084900000, 0x0000000084900000| Untracked 
|  74|0x0000000084a00000, 0x0000000084a00000, 0x0000000084b00000|  0%| F|  |TAMS 0x0000000084a00000, 0x0000000084a00000| Untracked 
|  75|0x0000000084b00000, 0x0000000084b00000, 0x0000000084c00000|  0%| F|  |TAMS 0x0000000084b00000, 0x0000000084b00000| Untracked 
|  76|0x0000000084c00000, 0x0000000084c00000, 0x0000000084d00000|  0%| F|  |TAMS 0x0000000084c00000, 0x0000000084c00000| Untracked 
|  77|0x0000000084d00000, 0x0000000084d00000, 0x0000000084e00000|  0%| F|  |TAMS 0x0000000084d00000, 0x0000000084d00000| Untracked 
| 123|0x0000000087b00000, 0x0000000087bd9d30, 0x0000000087c00000| 85%| E|  |TAMS 0x0000000087b00000, 0x0000000087b00000| Complete 

Card table byte_map: [0x000001f47e720000,0x000001f47eb20000] _byte_map_base: 0x000001f47e320000

Marking Bits (Prev, Next): (CMBitMap*) 0x000001f47ab7f780, (CMBitMap*) 0x000001f47ab7f740
 Prev Bits: [0x000001f411000000, 0x000001f413000000)
 Next Bits: [0x000001f40f000000, 0x000001f411000000)

Polling page: 0x000001f478ab0000

Metaspace:

Usage:
  Non-class:     27.79 MB used.
      Class:      4.45 MB used.
       Both:     32.24 MB used.

Virtual space:
  Non-class space:       64.00 MB reserved,      28.00 MB ( 44%) committed,  1 nodes.
      Class space:        1.00 GB reserved,       4.62 MB ( <1%) committed,  1 nodes.
             Both:        1.06 GB reserved,      32.62 MB (  3%) committed. 

Chunk freelists:
   Non-Class:  4.05 MB
       Class:  11.28 MB
        Both:  15.33 MB

MaxMetaspaceSize: unlimited
CompressedClassSpaceSize: 1.00 GB
Initial GC threshold: 21.00 MB
Current GC threshold: 49.31 MB
CDS: off
MetaspaceReclaimPolicy: balanced
 - commit_granule_bytes: 65536.
 - commit_granule_words: 8192.
 - virtual_space_node_default_size: 8388608.
 - enlarge_chunks_in_place: 1.
 - new_chunks_are_fully_committed: 0.
 - uncommit_free_chunks: 1.
 - use_allocation_guard: 0.
 - handle_deallocations: 1.


Internal statistics:

num_allocs_failed_limit: 3.
num_arena_births: 348.
num_arena_deaths: 0.
num_vsnodes_births: 2.
num_vsnodes_deaths: 0.
num_space_committed: 522.
num_space_uncommitted: 0.
num_chunks_returned_to_freelist: 3.
num_chunks_taken_from_freelist: 1305.
num_chunk_merges: 3.
num_chunk_splits: 821.
num_chunks_enlarged: 548.
num_inconsistent_stats: 0.

CodeHeap 'non-profiled nmethods': size=120000Kb used=1801Kb max_used=1801Kb free=118198Kb
 bounds [0x000001f407ad0000, 0x000001f407d40000, 0x000001f40f000000]
CodeHeap 'profiled nmethods': size=120000Kb used=6064Kb max_used=6064Kb free=113935Kb
 bounds [0x000001f400000000, 0x000001f4005f0000, 0x000001f407530000]
CodeHeap 'non-nmethods': size=5760Kb used=1244Kb max_used=1290Kb free=4515Kb
 bounds [0x000001f407530000, 0x000001f4077a0000, 0x000001f407ad0000]
 total_blobs=3554 nmethods=3011 adapters=455
 compilation: enabled
              stopped_count=0, restarted_count=0
 full_count=0

Compilation events (20 events):
Event: 3.589 Thread 0x000001f47fb28450 3001       3       org.objectweb.asm.MethodVisitor::<init> (7 bytes)
Event: 3.589 Thread 0x000001f47fb28450 nmethod 3001 0x000001f4005e5f10 code [0x000001f4005e60c0, 0x000001f4005e6208]
Event: 3.589 Thread 0x000001f47fb28450 3002       3       org.objectweb.asm.MethodWriter::visitMaxs (60 bytes)
Event: 3.589 Thread 0x000001f47fb28450 nmethod 3002 0x000001f4005e6290 code [0x000001f4005e6460, 0x000001f4005e6738]
Event: 3.589 Thread 0x000001f47fb28450 2998       1       org.gradle.internal.instantiation.generator.AsmBackedClassGenerator$ClassBuilderImpl::access$3600 (5 bytes)
Event: 3.589 Thread 0x000001f47fb28450 nmethod 2998 0x000001f407c91a10 code [0x000001f407c91ba0, 0x000001f407c91c58]
Event: 3.593 Thread 0x000001f47fb28450 3003       3       jdk.internal.misc.InnocuousThread::eraseThreadLocals (23 bytes)
Event: 3.593 Thread 0x000001f47fb28450 nmethod 3003 0x000001f4005e6810 code [0x000001f4005e69a0, 0x000001f4005e6b98]
Event: 3.599 Thread 0x000001f47fb28450 3004       3       java.lang.reflect.AccessibleObject::verifyAccess (55 bytes)
Event: 3.600 Thread 0x000001f47fb28450 nmethod 3004 0x000001f4005e6c10 code [0x000001f4005e6e60, 0x000001f4005e7a08]
Event: 3.600 Thread 0x000001f47fb28450 3005       3       java.lang.reflect.AccessibleObject::isAccessChecked (25 bytes)
Event: 3.600 Thread 0x000001f47fb28450 nmethod 3005 0x000001f4005e7d10 code [0x000001f4005e7ee0, 0x000001f4005e83a8]
Event: 3.601 Thread 0x000001f47fb28450 3006       3       jdk.internal.org.objectweb.asm.Type::getClassName (172 bytes)
Event: 3.602 Thread 0x000001f47fb28450 nmethod 3006 0x000001f4005e8510 code [0x000001f4005e88a0, 0x000001f4005e9d28]
Event: 3.602 Thread 0x000001f47fb28450 3008       3       jdk.internal.org.objectweb.asm.ClassReader::<init> (9 bytes)
Event: 3.602 Thread 0x000001f47fb28450 nmethod 3008 0x000001f4005ea410 code [0x000001f4005ea5c0, 0x000001f4005ea768]
Event: 3.602 Thread 0x000001f47fb28450 3009       3       java.lang.invoke.MethodHandles$Lookup::getDirectConstructorCommon (69 bytes)
Event: 3.603 Thread 0x000001f47fb28450 nmethod 3009 0x000001f4005ea890 code [0x000001f4005eab00, 0x000001f4005eb618]
Event: 3.603 Thread 0x000001f47fb28450 3010       3       java.lang.invoke.MemberName::asConstructor (58 bytes)
Event: 3.603 Thread 0x000001f47fb28450 nmethod 3010 0x000001f4005eb990 code [0x000001f4005ebba0, 0x000001f4005ec188]

GC Heap History (16 events):
Event: 0.824 GC heap before
{Heap before GC invocations=0 (full 0):
 garbage-first heap   total 126976K, used 26624K [0x0000000080000000, 0x0000000100000000)
  region size 1024K, 23 young (23552K), 0 survivors (0K)
 Metaspace       used 10463K, committed 10688K, reserved 1114112K
  class space    used 1086K, committed 1216K, reserved 1048576K
}
Event: 0.832 GC heap after
{Heap after GC invocations=1 (full 0):
 garbage-first heap   total 126976K, used 10408K [0x0000000080000000, 0x0000000100000000)
  region size 1024K, 3 young (3072K), 3 survivors (3072K)
 Metaspace       used 10463K, committed 10688K, reserved 1114112K
  class space    used 1086K, committed 1216K, reserved 1048576K
}
Event: 1.194 GC heap before
{Heap before GC invocations=1 (full 0):
 garbage-first heap   total 126976K, used 37032K [0x0000000080000000, 0x0000000100000000)
  region size 1024K, 29 young (29696K), 3 survivors (3072K)
 Metaspace       used 11449K, committed 11648K, reserved 1114112K
  class space    used 1193K, committed 1280K, reserved 1048576K
}
Event: 1.199 GC heap after
{Heap after GC invocations=2 (full 0):
 garbage-first heap   total 126976K, used 11386K [0x0000000080000000, 0x0000000100000000)
  region size 1024K, 1 young (1024K), 1 survivors (1024K)
 Metaspace       used 11449K, committed 11648K, reserved 1114112K
  class space    used 1193K, committed 1280K, reserved 1048576K
}
Event: 2.097 GC heap before
{Heap before GC invocations=2 (full 0):
 garbage-first heap   total 126976K, used 57466K [0x0000000080000000, 0x0000000100000000)
  region size 1024K, 47 young (48128K), 1 survivors (1024K)
 Metaspace       used 21324K, committed 21504K, reserved 1114112K
  class space    used 2561K, committed 2624K, reserved 1048576K
}
Event: 2.102 GC heap after
{Heap after GC invocations=3 (full 0):
 garbage-first heap   total 126976K, used 18669K [0x0000000080000000, 0x0000000100000000)
  region size 1024K, 8 young (8192K), 8 survivors (8192K)
 Metaspace       used 21324K, committed 21504K, reserved 1114112K
  class space    used 2561K, committed 2624K, reserved 1048576K
}
Event: 2.669 GC heap before
{Heap before GC invocations=4 (full 0):
 garbage-first heap   total 68608K, used 50413K [0x0000000080000000, 0x0000000100000000)
  region size 1024K, 40 young (40960K), 8 survivors (8192K)
 Metaspace       used 25976K, committed 26304K, reserved 1114112K
  class space    used 3388K, committed 3520K, reserved 1048576K
}
Event: 2.674 GC heap after
{Heap after GC invocations=5 (full 0):
 garbage-first heap   total 68608K, used 20612K [0x0000000080000000, 0x0000000100000000)
  region size 1024K, 3 young (3072K), 3 survivors (3072K)
 Metaspace       used 25976K, committed 26304K, reserved 1114112K
  class space    used 3388K, committed 3520K, reserved 1048576K
}
Event: 3.194 GC heap before
{Heap before GC invocations=5 (full 0):
 garbage-first heap   total 68608K, used 52356K [0x0000000080000000, 0x0000000100000000)
  region size 1024K, 30 young (30720K), 3 survivors (3072K)
 Metaspace       used 29696K, committed 30016K, reserved 1114112K
  class space    used 4024K, committed 4160K, reserved 1048576K
}
Event: 3.197 GC heap after
{Heap after GC invocations=6 (full 0):
 garbage-first heap   total 68608K, used 28169K [0x0000000080000000, 0x0000000100000000)
  region size 1024K, 4 young (4096K), 4 survivors (4096K)
 Metaspace       used 29696K, committed 30016K, reserved 1114112K
  class space    used 4024K, committed 4160K, reserved 1048576K
}
Event: 3.253 GC heap before
{Heap before GC invocations=6 (full 0):
 garbage-first heap   total 68608K, used 33289K [0x0000000080000000, 0x0000000100000000)
  region size 1024K, 8 young (8192K), 4 survivors (4096K)
 Metaspace       used 29892K, committed 30272K, reserved 1114112K
  class space    used 4057K, committed 4224K, reserved 1048576K
}
Event: 3.255 GC heap after
{Heap after GC invocations=7 (full 0):
 garbage-first heap   total 68608K, used 32706K [0x0000000080000000, 0x0000000100000000)
  region size 1024K, 3 young (3072K), 3 survivors (3072K)
 Metaspace       used 29892K, committed 30272K, reserved 1114112K
  class space    used 4057K, committed 4224K, reserved 1048576K
}
Event: 3.453 GC heap before
{Heap before GC invocations=8 (full 0):
 garbage-first heap   total 80896K, used 60354K [0x0000000080000000, 0x0000000100000000)
  region size 1024K, 17 young (17408K), 3 survivors (3072K)
 Metaspace       used 31448K, committed 31808K, reserved 1114112K
  class space    used 4296K, committed 4480K, reserved 1048576K
}
Event: 3.456 GC heap after
{Heap after GC invocations=9 (full 0):
 garbage-first heap   total 80896K, used 49299K [0x0000000080000000, 0x0000000100000000)
  region size 1024K, 3 young (3072K), 3 survivors (3072K)
 Metaspace       used 31448K, committed 31808K, reserved 1114112K
  class space    used 4296K, committed 4480K, reserved 1048576K
}
Event: 3.591 GC heap before
{Heap before GC invocations=9 (full 0):
 garbage-first heap   total 80896K, used 60563K [0x0000000080000000, 0x0000000100000000)
  region size 1024K, 14 young (14336K), 3 survivors (3072K)
 Metaspace       used 32899K, committed 33216K, reserved 1114112K
  class space    used 4535K, committed 4672K, reserved 1048576K
}
Event: 3.593 GC heap after
{Heap after GC invocations=10 (full 0):
 garbage-first heap   total 80896K, used 49819K [0x0000000080000000, 0x0000000100000000)
  region size 1024K, 1 young (1024K), 1 survivors (1024K)
 Metaspace       used 32899K, committed 33216K, reserved 1114112K
  class space    used 4535K, committed 4672K, reserved 1048576K
}

Dll operation events (3 events):
Event: 0.017 Loaded shared library C:\Program Files\Android\Android Studio\jbr\bin\java.dll
Event: 0.147 Loaded shared library C:\Program Files\Android\Android Studio\jbr\bin\zip.dll
Event: 0.433 Loaded shared library C:\Program Files\Android\Android Studio\jbr\bin\verify.dll

Deoptimization events (20 events):
Event: 3.210 Thread 0x000001f41a5ecec0 DEOPT PACKING pc=0x000001f407c56924 sp=0x00000007a98fa300
Event: 3.210 Thread 0x000001f41a5ecec0 DEOPT UNPACKING pc=0x000001f40758a1a3 sp=0x00000007a98fa218 mode 2
Event: 3.284 Thread 0x000001f41a5ecec0 DEOPT PACKING pc=0x000001f4003be808 sp=0x00000007a98fa580
Event: 3.284 Thread 0x000001f41a5ecec0 DEOPT UNPACKING pc=0x000001f40758ace3 sp=0x00000007a98f9a88 mode 0
Event: 3.328 Thread 0x000001f41a5ecec0 DEOPT PACKING pc=0x000001f4003381ba sp=0x00000007a98fb4d0
Event: 3.328 Thread 0x000001f41a5ecec0 DEOPT UNPACKING pc=0x000001f40758ace3 sp=0x00000007a98fa948 mode 0
Event: 3.337 Thread 0x000001f41a5ecec0 DEOPT PACKING pc=0x000001f4003381ba sp=0x00000007a98fbd40
Event: 3.337 Thread 0x000001f41a5ecec0 DEOPT UNPACKING pc=0x000001f40758ace3 sp=0x00000007a98fb1b8 mode 0
Event: 3.396 Thread 0x000001f41a5ecec0 Uncommon trap: trap_request=0xffffff45 fr.pc=0x000001f407bba25c relative=0x00000000000005bc
Event: 3.396 Thread 0x000001f41a5ecec0 Uncommon trap: reason=unstable_if action=reinterpret pc=0x000001f407bba25c method=java.util.Properties$LineReader.readLine()I @ 95 c2
Event: 3.396 Thread 0x000001f41a5ecec0 DEOPT PACKING pc=0x000001f407bba25c sp=0x00000007a98fad30
Event: 3.396 Thread 0x000001f41a5ecec0 DEOPT UNPACKING pc=0x000001f40758a1a3 sp=0x00000007a98face0 mode 2
Event: 3.415 Thread 0x000001f41a5ecec0 Uncommon trap: trap_request=0xffffff45 fr.pc=0x000001f407b72734 relative=0x00000000000011f4
Event: 3.415 Thread 0x000001f41a5ecec0 Uncommon trap: reason=unstable_if action=reinterpret pc=0x000001f407b72734 method=java.net.URI.quote(Ljava/lang/String;JJ)Ljava/lang/String; @ 201 c2
Event: 3.415 Thread 0x000001f41a5ecec0 DEOPT PACKING pc=0x000001f407b72734 sp=0x00000007a98fa720
Event: 3.415 Thread 0x000001f41a5ecec0 DEOPT UNPACKING pc=0x000001f40758a1a3 sp=0x00000007a98fa700 mode 2
Event: 3.572 Thread 0x000001f41a5ecec0 Uncommon trap: trap_request=0xffffff45 fr.pc=0x000001f407b223f8 relative=0x00000000000005b8
Event: 3.572 Thread 0x000001f41a5ecec0 Uncommon trap: reason=unstable_if action=reinterpret pc=0x000001f407b223f8 method=java.util.HashMap.hash(Ljava/lang/Object;)I @ 1 c2
Event: 3.572 Thread 0x000001f41a5ecec0 DEOPT PACKING pc=0x000001f407b223f8 sp=0x00000007a98f7770
Event: 3.572 Thread 0x000001f41a5ecec0 DEOPT UNPACKING pc=0x000001f40758a1a3 sp=0x00000007a98f7618 mode 2

Classes unloaded (0 events):
No events

Classes redefined (0 events):
No events

Internal exceptions (20 events):
Event: 3.335 Thread 0x000001f41a5ecec0 Exception <a 'java/lang/NoSuchMethodError'{0x0000000084bc5b68}: static Lorg/jetbrains/kotlin/idea/gradleTooling/PrepareKotlinIdeImportTaskModel;.<clinit>()V> (0x0000000084bc5b68) 
thrown [s\src\hotspot\share\prims\jni.cpp, line 1108]
Event: 3.336 Thread 0x000001f41a5ecec0 Exception <a 'java/lang/NoSuchMethodError'{0x0000000084bd23e8}: static Lorg/jetbrains/plugins/gradle/model/ExternalProjectDependency;.<clinit>()V> (0x0000000084bd23e8) 
thrown [s\src\hotspot\share\prims\jni.cpp, line 1108]
Event: 3.336 Thread 0x000001f41a5ecec0 Exception <a 'java/lang/NoSuchMethodError'{0x0000000084bdc1e8}: static Lorg/jetbrains/plugins/gradle/model/ExternalLibraryDependency;.<clinit>()V> (0x0000000084bdc1e8) 
thrown [s\src\hotspot\share\prims\jni.cpp, line 1108]
Event: 3.336 Thread 0x000001f41a5ecec0 Exception <a 'java/lang/NoSuchMethodError'{0x0000000084be5958}: static Lorg/jetbrains/plugins/gradle/model/FileCollectionDependency;.<clinit>()V> (0x0000000084be5958) 
thrown [s\src\hotspot\share\prims\jni.cpp, line 1108]
Event: 3.337 Thread 0x000001f41a5ecec0 Exception <a 'java/lang/NoSuchMethodError'{0x0000000084beede0}: static Lorg/jetbrains/plugins/gradle/model/UnresolvedExternalDependency;.<clinit>()V> (0x0000000084beede0) 
thrown [s\src\hotspot\share\prims\jni.cpp, line 1108]
Event: 3.345 Thread 0x000001f41a5ecec0 Exception <a 'java/lang/NoSuchMethodError'{0x0000000084a83b88}: static Lorg/gradle/tooling/internal/consumer/versioning/VersionDetails;.<clinit>()V> (0x0000000084a83b88) 
thrown [s\src\hotspot\share\prims\jni.cpp, line 1108]
Event: 3.345 Thread 0x000001f41a5ecec0 Exception <a 'java/lang/NoSuchMethodError'{0x0000000084a865a0}: static Lorg/gradle/tooling/internal/consumer/versioning/VersionDetails$R26VersionDetails;.<clinit>()V> (0x0000000084a865a0) 
thrown [s\src\hotspot\share\prims\jni.cpp, line 1108]
Event: 3.346 Thread 0x000001f41a5ecec0 Exception <a 'java/lang/NoSuchMethodError'{0x0000000084a87b18}: static Lorg/gradle/tooling/internal/consumer/versioning/VersionDetails$R28VersionDetails;.<clinit>()V> (0x0000000084a87b18) 
thrown [s\src\hotspot\share\prims\jni.cpp, line 1108]
Event: 3.346 Thread 0x000001f41a5ecec0 Exception <a 'java/lang/NoSuchMethodError'{0x0000000084a89020}: static Lorg/gradle/tooling/internal/consumer/versioning/VersionDetails$R35VersionDetails;.<clinit>()V> (0x0000000084a89020) 
thrown [s\src\hotspot\share\prims\jni.cpp, line 1108]
Event: 3.346 Thread 0x000001f41a5ecec0 Exception <a 'java/lang/NoSuchMethodError'{0x0000000084a8a6f0}: static Lorg/gradle/tooling/internal/consumer/versioning/VersionDetails$R44VersionDetails;.<clinit>()V> (0x0000000084a8a6f0) 
thrown [s\src\hotspot\share\prims\jni.cpp, line 1108]
Event: 3.346 Thread 0x000001f41a5ecec0 Exception <a 'java/lang/NoSuchMethodError'{0x0000000084a8bcf8}: static Lorg/gradle/tooling/internal/consumer/versioning/VersionDetails$R48VersionDetails;.<clinit>()V> (0x0000000084a8bcf8) 
thrown [s\src\hotspot\share\prims\jni.cpp, line 1108]
Event: 3.346 Thread 0x000001f41a5ecec0 Exception <a 'java/lang/NoSuchMethodError'{0x0000000084a8cef8}: static Lorg/gradle/tooling/internal/consumer/versioning/VersionDetails$R51VersionDetails;.<clinit>()V> (0x0000000084a8cef8) 
thrown [s\src\hotspot\share\prims\jni.cpp, line 1108]
Event: 3.365 Thread 0x000001f41a5ecec0 Exception <a 'java/lang/NoSuchMethodError'{0x00000000846aaae0}: 'java.lang.Object java.lang.invoke.DirectMethodHandle$Holder.newInvokeSpecial(java.lang.Object, java.lang.Object, int)'> (0x00000000846aaae0) 
thrown [s\src\hotspot\share\interpreter\linkResolver.cpp, line 771]
Event: 3.415 Thread 0x000001f41a5ecec0 Implicit null exception at 0x000001f407b71893 to 0x000001f407b72722
Event: 3.502 Thread 0x000001f41a5ecec0 Exception <a 'java/lang/NoSuchMethodError'{0x0000000084b7acc0}: 'java.lang.Object java.lang.invoke.DirectMethodHandle$Holder.invokeSpecialIFC(java.lang.Object, java.lang.Object, java.lang.Object, java.lang.Object)'> (0x0000000084b7acc0) 
thrown [s\src\hotspot\share\interpreter\linkResolver.cpp, line 771]
Event: 3.572 Thread 0x000001f41a5ecec0 Implicit null exception at 0x000001f407b21e8f to 0x000001f407b223d8
Event: 3.602 Thread 0x000001f41a5ecec0 Exception <a 'java/lang/NoSuchMethodError'{0x0000000087b9d008}: 'java.lang.Object java.lang.invoke.DirectMethodHandle$Holder.invokeSpecial(java.lang.Object, java.lang.Object, java.lang.Object, java.lang.Object, java.lang.Object, java.lang.Object, java.lang.Object, java.lang.Object, java.lang.Object, java.lang.Object, java.lang.Object, java.lang.Object, java.lang.Object)'> (0x0000000087b9d008) 
thrown [s\src\hotspot\share\interpreter\linkResolver.cpp, line 771]
Event: 3.602 Thread 0x000001f41a5ecec0 Exception <a 'java/lang/NoSuchMethodError'{0x0000000087baebc0}: 'java.lang.Object java.lang.invoke.DirectMethodHandle$Holder.newInvokeSpecial(java.lang.Object, java.lang.Object, java.lang.Object, java.lang.Object, java.lang.Object, java.lang.Object, java.lang.Object, java.lang.Object, java.lang.Object, java.lang.Object, java.lang.Object)'> (0x0000000087baebc0) 
thrown [s\src\hotspot\share\interpreter\linkResolver.cpp, line 771]
Event: 3.603 Thread 0x000001f41a5ecec0 Exception <a 'java/lang/NoSuchMethodError'{0x0000000087bb46f8}: 'java.lang.Object java.lang.invoke.DirectMethodHandle$Holder.invokeSpecial(java.lang.Object, java.lang.Object, java.lang.Object, java.lang.Object, java.lang.Object, java.lang.Object, java.lang.Object, java.lang.Object, java.lang.Object, java.lang.Object, java.lang.Object, java.lang.Object)'> (0x0000000087bb46f8) 
thrown [s\src\hotspot\share\interpreter\linkResolver.cpp, line 771]
Event: 3.603 Thread 0x000001f41a5ecec0 Exception <a 'java/lang/NoSuchMethodError'{0x0000000087bb9d90}: 'java.lang.Object java.lang.invoke.Invokers$Holder.linkToTargetMethod(java.lang.Object, java.lang.Object, java.lang.Object, java.lang.Object, java.lang.Object, java.lang.Object, java.lang.Object, java.lang.Object, java.lang.Object, java.lang.Object, java.lang.Object)'> (0x0000000087bb9d90) 
thrown [s\src\hotspot\share\interpreter\linkResolver.cpp, line 771]

VM Operations (20 events):
Event: 3.182 Executing VM operation: HandshakeAllThreads done
Event: 3.193 Executing VM operation: G1CollectForAllocation
Event: 3.197 Executing VM operation: G1CollectForAllocation done
Event: 3.252 Executing VM operation: G1TryInitiateConcMark
Event: 3.255 Executing VM operation: G1TryInitiateConcMark done
Event: 3.265 Executing VM operation: G1Concurrent
Event: 3.266 Executing VM operation: G1Concurrent done
Event: 3.272 Executing VM operation: G1Concurrent
Event: 3.272 Executing VM operation: G1Concurrent done
Event: 3.364 Executing VM operation: HandshakeAllThreads
Event: 3.364 Executing VM operation: HandshakeAllThreads done
Event: 3.399 Executing VM operation: HandshakeAllThreads
Event: 3.399 Executing VM operation: HandshakeAllThreads done
Event: 3.453 Executing VM operation: G1CollectForAllocation
Event: 3.456 Executing VM operation: G1CollectForAllocation done
Event: 3.574 Executing VM operation: HandshakeAllThreads
Event: 3.574 Executing VM operation: HandshakeAllThreads done
Event: 3.591 Executing VM operation: G1CollectForAllocation
Event: 3.593 Executing VM operation: G1CollectForAllocation done
Event: 3.603 Executing VM operation: G1Concurrent

Events (20 events):
Event: 3.356 loading class java/util/concurrent/locks/ReentrantReadWriteLock$WriteLock
Event: 3.356 loading class java/util/concurrent/locks/ReentrantReadWriteLock$WriteLock done
Event: 3.364 loading class java/util/concurrent/Executors$FinalizableDelegatedExecutorService
Event: 3.364 loading class java/util/concurrent/Executors$DelegatedExecutorService
Event: 3.364 loading class java/util/concurrent/Executors$DelegatedExecutorService done
Event: 3.364 loading class java/util/concurrent/Executors$FinalizableDelegatedExecutorService done
Event: 3.462 Thread 0x000001f41bbcb170 Thread exited: 0x000001f41bbcb170
Event: 3.496 Thread 0x000001f41b0c1d30 Thread added: 0x000001f41b0c1d30
Event: 3.515 Thread 0x000001f41b0c0050 Thread added: 0x000001f41b0c0050
Event: 3.534 Thread 0x000001f41b0c6f00 Thread added: 0x000001f41b0c6f00
Event: 3.575 loading class java/lang/Class$EnclosingMethodInfo
Event: 3.575 loading class java/lang/Class$EnclosingMethodInfo done
Event: 3.576 loading class sun/reflect/generics/tree/IntSignature
Event: 3.576 loading class sun/reflect/generics/tree/IntSignature done
Event: 3.576 loading class sun/reflect/generics/tree/ArrayTypeSignature
Event: 3.576 loading class sun/reflect/generics/tree/ArrayTypeSignature done
Event: 3.577 loading class java/lang/SafeVarargs
Event: 3.577 loading class java/lang/SafeVarargs done
Event: 3.582 loading class java/util/regex/Pattern$GroupCurly
Event: 3.582 loading class java/util/regex/Pattern$GroupCurly done


Dynamic libraries:
0x00007ff659de0000 - 0x00007ff659dea000 	C:\Program Files\Android\Android Studio\jbr\bin\java.exe
0x00007ffac5f70000 - 0x00007ffac6187000 	C:\WINDOWS\SYSTEM32\ntdll.dll
0x00007ffac47b0000 - 0x00007ffac4874000 	C:\WINDOWS\System32\KERNEL32.DLL
0x00007ffac3750000 - 0x00007ffac3af6000 	C:\WINDOWS\System32\KERNELBASE.dll
0x00007ffac3ba0000 - 0x00007ffac3cb1000 	C:\WINDOWS\System32\ucrtbase.dll
0x00007ffa7a230000 - 0x00007ffa7a247000 	C:\Program Files\Android\Android Studio\jbr\bin\jli.dll
0x00007ffab8960000 - 0x00007ffab897b000 	C:\Program Files\Android\Android Studio\jbr\bin\VCRUNTIME140.dll
0x00007ffac53c0000 - 0x00007ffac556e000 	C:\WINDOWS\System32\USER32.dll
0x00007ffac3720000 - 0x00007ffac3746000 	C:\WINDOWS\System32\win32u.dll
0x00007ffaa43e0000 - 0x00007ffaa4673000 	C:\WINDOWS\WinSxS\amd64_microsoft.windows.common-controls_6595b64144ccf1df_6.0.22621.2506_none_270c5ae97388e100\COMCTL32.dll
0x00007ffac4910000 - 0x00007ffac4939000 	C:\WINDOWS\System32\GDI32.dll
0x00007ffac5220000 - 0x00007ffac52c7000 	C:\WINDOWS\System32\msvcrt.dll
0x00007ffac3490000 - 0x00007ffac35a8000 	C:\WINDOWS\System32\gdi32full.dll
0x00007ffac3b00000 - 0x00007ffac3b9a000 	C:\WINDOWS\System32\msvcp_win.dll
0x00007ffac5590000 - 0x00007ffac55c1000 	C:\WINDOWS\System32\IMM32.DLL
0x00007ffaa8a40000 - 0x00007ffaa8a4c000 	C:\Program Files\Android\Android Studio\jbr\bin\vcruntime140_1.dll
0x00007ffa8d180000 - 0x00007ffa8d20d000 	C:\Program Files\Android\Android Studio\jbr\bin\msvcp140.dll
0x00007ffa23d90000 - 0x00007ffa24a10000 	C:\Program Files\Android\Android Studio\jbr\bin\server\jvm.dll
0x00007ffac5e20000 - 0x00007ffac5ed3000 	C:\WINDOWS\System32\ADVAPI32.dll
0x00007ffac57c0000 - 0x00007ffac5868000 	C:\WINDOWS\System32\sechost.dll
0x00007ffac35b0000 - 0x00007ffac35d8000 	C:\WINDOWS\System32\bcrypt.dll
0x00007ffac4690000 - 0x00007ffac47a7000 	C:\WINDOWS\System32\RPCRT4.dll
0x00007ffab6060000 - 0x00007ffab606a000 	C:\WINDOWS\SYSTEM32\VERSION.dll
0x00007ffab8a10000 - 0x00007ffab8a19000 	C:\WINDOWS\SYSTEM32\WSOCK32.dll
0x00007ffab63d0000 - 0x00007ffab6404000 	C:\WINDOWS\SYSTEM32\WINMM.dll
0x00007ffac5740000 - 0x00007ffac57b1000 	C:\WINDOWS\System32\WS2_32.dll
0x00007ffac23d0000 - 0x00007ffac23e8000 	C:\WINDOWS\SYSTEM32\kernel.appcore.dll
0x00007ffaa8bd0000 - 0x00007ffaa8bda000 	C:\Program Files\Android\Android Studio\jbr\bin\jimage.dll
0x00007ffac0770000 - 0x00007ffac09a3000 	C:\WINDOWS\SYSTEM32\DBGHELP.DLL
0x00007ffac58d0000 - 0x00007ffac5c59000 	C:\WINDOWS\System32\combase.dll
0x00007ffac52d0000 - 0x00007ffac53a7000 	C:\WINDOWS\System32\OLEAUT32.dll
0x00007ffa9f8c0000 - 0x00007ffa9f8f2000 	C:\WINDOWS\SYSTEM32\dbgcore.DLL
0x00007ffac36a0000 - 0x00007ffac371a000 	C:\WINDOWS\System32\bcryptPrimitives.dll
0x00007ffa8e0b0000 - 0x00007ffa8e0be000 	C:\Program Files\Android\Android Studio\jbr\bin\instrument.dll
0x00007ffaa8ba0000 - 0x00007ffaa8bc5000 	C:\Program Files\Android\Android Studio\jbr\bin\java.dll
0x00007ffa7a290000 - 0x00007ffa7a2a8000 	C:\Program Files\Android\Android Studio\jbr\bin\zip.dll
0x00007ffac49c0000 - 0x00007ffac521a000 	C:\WINDOWS\System32\SHELL32.dll
0x00007ffac1200000 - 0x00007ffac1af6000 	C:\WINDOWS\SYSTEM32\windows.storage.dll
0x00007ffac10c0000 - 0x00007ffac11fe000 	C:\WINDOWS\SYSTEM32\wintypes.dll
0x00007ffac4110000 - 0x00007ffac4203000 	C:\WINDOWS\System32\SHCORE.dll
0x00007ffac5870000 - 0x00007ffac58ce000 	C:\WINDOWS\System32\shlwapi.dll
0x00007ffac31e0000 - 0x00007ffac3206000 	C:\WINDOWS\SYSTEM32\profapi.dll
0x00007ffa7a270000 - 0x00007ffa7a289000 	C:\Program Files\Android\Android Studio\jbr\bin\net.dll
0x00007ffab9eb0000 - 0x00007ffab9fe7000 	C:\WINDOWS\SYSTEM32\WINHTTP.dll
0x00007ffac2850000 - 0x00007ffac28b9000 	C:\WINDOWS\system32\mswsock.dll
0x00007ffa7a250000 - 0x00007ffa7a266000 	C:\Program Files\Android\Android Studio\jbr\bin\nio.dll
0x00007ffa9e760000 - 0x00007ffa9e770000 	C:\Program Files\Android\Android Studio\jbr\bin\verify.dll
0x00007ffaa5d10000 - 0x00007ffaa5d37000 	C:\Users\Minha Rehman\.gradle\native\68d5fa5c4cc2d200863cafc0d521ce42e7d3e7ee720ec0a83991735586a16f82\windows-amd64\native-platform.dll
0x00007ffa88040000 - 0x00007ffa88184000 	C:\Users\Minha Rehman\.gradle\native\e376f236ea51e6404a007f0833ffe2c6e607c4080706a723a18a27aeea778392\windows-amd64\native-platform-file-events.dll
0x00007ffa98130000 - 0x00007ffa98139000 	C:\Program Files\Android\Android Studio\jbr\bin\management.dll
0x00007ffa94050000 - 0x00007ffa9405b000 	C:\Program Files\Android\Android Studio\jbr\bin\management_ext.dll
0x00007ffac53b0000 - 0x00007ffac53b8000 	C:\WINDOWS\System32\PSAPI.DLL
0x00007ffac2aa0000 - 0x00007ffac2abb000 	C:\WINDOWS\SYSTEM32\CRYPTSP.dll
0x00007ffac2330000 - 0x00007ffac2365000 	C:\WINDOWS\system32\rsaenh.dll
0x00007ffac2940000 - 0x00007ffac296c000 	C:\WINDOWS\SYSTEM32\USERENV.dll
0x00007ffac2ac0000 - 0x00007ffac2acc000 	C:\WINDOWS\SYSTEM32\CRYPTBASE.dll
0x00007ffac1d50000 - 0x00007ffac1d7d000 	C:\WINDOWS\SYSTEM32\IPHLPAPI.DLL
0x00007ffac5730000 - 0x00007ffac5739000 	C:\WINDOWS\System32\NSI.dll
0x00007ffab9df0000 - 0x00007ffab9e09000 	C:\WINDOWS\SYSTEM32\dhcpcsvc6.DLL
0x00007ffab9db0000 - 0x00007ffab9dcf000 	C:\WINDOWS\SYSTEM32\dhcpcsvc.DLL
0x00007ffac1d80000 - 0x00007ffac1e79000 	C:\WINDOWS\SYSTEM32\DNSAPI.dll
0x00007ffa9e9d0000 - 0x00007ffa9e9d8000 	C:\WINDOWS\system32\wshunix.dll

dbghelp: loaded successfully - version: 4.0.5 - missing functions: none
symbol engine: initialized successfully - sym options: 0x614 - pdb path: .;C:\Program Files\Android\Android Studio\jbr\bin;C:\WINDOWS\SYSTEM32;C:\WINDOWS\WinSxS\amd64_microsoft.windows.common-controls_6595b64144ccf1df_6.0.22621.2506_none_270c5ae97388e100;C:\Program Files\Android\Android Studio\jbr\bin\server;C:\Users\Minha Rehman\.gradle\native\68d5fa5c4cc2d200863cafc0d521ce42e7d3e7ee720ec0a83991735586a16f82\windows-amd64;C:\Users\Minha Rehman\.gradle\native\e376f236ea51e6404a007f0833ffe2c6e607c4080706a723a18a27aeea778392\windows-amd64

VM Arguments:
jvm_args: --add-opens=java.base/java.util=ALL-UNNAMED --add-opens=java.base/java.lang=ALL-UNNAMED --add-opens=java.base/java.lang.invoke=ALL-UNNAMED --add-opens=java.prefs/java.util.prefs=ALL-UNNAMED --add-opens=java.base/java.nio.charset=ALL-UNNAMED --add-opens=java.base/java.net=ALL-UNNAMED --add-opens=java.base/java.util.concurrent.atomic=ALL-UNNAMED -Xmx2048m -Dfile.encoding=UTF-8 -Duser.country=US -Duser.language=en -Duser.variant -javaagent:C:\Users\Minha Rehman\.gradle\wrapper\dists\gradle-8.2-bin\bbg7u40eoinfdyxsxr3z4i7ta\gradle-8.2\lib\agents\gradle-instrumentation-agent-8.2.jar 
java_command: org.gradle.launcher.daemon.bootstrap.GradleDaemon 8.2
java_class_path (initial): C:\Users\Minha Rehman\.gradle\wrapper\dists\gradle-8.2-bin\bbg7u40eoinfdyxsxr3z4i7ta\gradle-8.2\lib\gradle-launcher-8.2.jar
Launcher Type: SUN_STANDARD

[Global flags]
     intx CICompilerCount                          = 4                                         {product} {ergonomic}
     uint ConcGCThreads                            = 2                                         {product} {ergonomic}
     uint G1ConcRefinementThreads                  = 8                                         {product} {ergonomic}
   size_t G1HeapRegionSize                         = 1048576                                   {product} {ergonomic}
    uintx GCDrainStackTargetSize                   = 64                                        {product} {ergonomic}
   size_t InitialHeapSize                          = 130023424                                 {product} {ergonomic}
   size_t MarkStackSize                            = 4194304                                   {product} {ergonomic}
   size_t MaxHeapSize                              = 2147483648                                {product} {command line}
   size_t MaxNewSize                               = 1287651328                                {product} {ergonomic}
   size_t MinHeapDeltaBytes                        = 1048576                                   {product} {ergonomic}
   size_t MinHeapSize                              = 8388608                                   {product} {ergonomic}
    uintx NonNMethodCodeHeapSize                   = 5839372                                {pd product} {ergonomic}
    uintx NonProfiledCodeHeapSize                  = 122909434                              {pd product} {ergonomic}
    uintx ProfiledCodeHeapSize                     = 122909434                              {pd product} {ergonomic}
    uintx ReservedCodeCacheSize                    = 251658240                              {pd product} {ergonomic}
     bool SegmentedCodeCache                       = true                                      {product} {ergonomic}
   size_t SoftMaxHeapSize                          = 2147483648                             {manageable} {ergonomic}
     bool UseCompressedClassPointers               = true                           {product lp64_product} {ergonomic}
     bool UseCompressedOops                        = true                           {product lp64_product} {ergonomic}
     bool UseG1GC                                  = true                                      {product} {ergonomic}
     bool UseLargePagesIndividualAllocation        = false                                  {pd product} {ergonomic}

Logging:
Log output configuration:
 #0: stdout all=warning uptime,level,tags
 #1: stderr all=off uptime,level,tags

Environment Variables:
PATH=C:\Program Files (x86)\VMware\VMware Workstation\bin\;C:\Program Files\Common Files\Oracle\Java\javapath;C:\windows\system32;C:\windows;C:\windows\System32\Wbem;C:\windows\System32\WindowsPowerShell\v1.0\;C:\windows\System32\OpenSSH\;C:\opencv\build\x64\vc15\bin;C:\Program Files (x86)\Microsoft SQL Server\160\Tools\Binn\;C:\Program Files\Microsoft SQL Server\160\Tools\Binn\;C:\Program Files\Microsoft SQL Server\Client SDK\ODBC\170\Tools\Binn\;C:\Program Files\Microsoft SQL Server\160\DTS\Binn\;C:\Program Files (x86)\Microsoft SQL Server\160\DTS\Binn\;C:\Program Files\Azure Data Studio\bin;C:\Program Files\dotnet\;C:\Program Files\Microsoft SQL Server\150\Tools\Binn\;C:\WINDOWS\system32;C:\WINDOWS;C:\WINDOWS\System32\Wbem;C:\WINDOWS\System32\WindowsPowerShell\v1.0\;C:\WINDOWS\System32\OpenSSH\;C:\Users\Minha Rehman\Anaconda3\Scripts;C:\msys64\ucrt64\bin;C:\msys64\usr\bin;C:\Program Files\MongoDB\Server\7.0\bin;C:\mongosh-2.0.1-win32-x64\mongosh-2.0.1-win32-x64\bin;C:\Users\Minha Rehman\AppData\Local\Microsoft\WindowsApps;C:\Program Files\Azure Data Studio\bin;C:\Users\Minha Rehman\.dotnet\tools;C:\Users\Minha Rehman\AppData\Local\Programs\Microsoft VS Code\bin;C:\msys64\ucrt64\bin;C:\msys64\usr\bin
USERNAME=Minha Rehman
OS=Windows_NT
PROCESSOR_IDENTIFIER=Intel64 Family 6 Model 140 Stepping 1, GenuineIntel
TMP=C:\Users\MINHAR~1\AppData\Local\Temp
TEMP=C:\Users\MINHAR~1\AppData\Local\Temp


JNI global refs:
JNI global refs: 25, weak refs: 0

JNI global refs memory usage: 843, weak refs: 841

OOME stack traces (most recent first):
Classloader memory used:
Loader bootstrap                                                                       : 1914K
Loader org.gradle.internal.classloader.VisitableURLClassLoader                         : 1760K
Loader org.gradle.initialization.MixInLegacyTypesClassLoader                           : 338K
Loader org.gradle.internal.classloader.VisitableURLClassLoader                         : 52134B
Loader jdk.internal.loader.ClassLoaders$AppClassLoader                                 : 28450B
Loader jdk.internal.reflect.DelegatingClassLoader                                      : 21148B
Loader jdk.internal.loader.ClassLoaders$PlatformClassLoader                            : 14826B

Classes loaded by more than one classloader:
Class org.gradle.api.GradleException                                                  : loaded 3 times (x 80B)
Class org.gradle.util.GradleVersion                                                   : loaded 2 times (x 81B)
Class org.gradle.internal.classpath.ClassPath                                         : loaded 2 times (x 68B)
Class org.gradle.api.internal.classpath.DefaultModuleRegistry                         : loaded 2 times (x 84B)
Class org.gradle.api.Action                                                           : loaded 2 times (x 68B)
Class org.gradle.api.internal.DefaultClassPathProvider                                : loaded 2 times (x 74B)
Class org.gradle.internal.installation.GradleInstallation$1                           : loaded 2 times (x 73B)
Class org.gradle.internal.exceptions.DefaultMultiCauseException                       : loaded 2 times (x 85B)
Class org.gradle.internal.time.MonotonicClock                                         : loaded 2 times (x 75B)
Class org.gradle.internal.classloader.FilteringClassLoader                            : loaded 2 times (x 102B)
Class org.gradle.internal.classpath.DefaultClassPath$ImmutableUniqueList$Builder      : loaded 2 times (x 73B)
Class org.gradle.internal.classloader.ClassLoaderVisitor                              : loaded 2 times (x 74B)
Class org.gradle.internal.time.DefaultCountdownTimer                                  : loaded 2 times (x 86B)
Class org.gradle.internal.service.DefaultServiceLocator                               : loaded 2 times (x 81B)
Class org.gradle.internal.service.UnknownServiceException                             : loaded 2 times (x 81B)
Class org.gradle.internal.classloader.DefaultClassLoaderFactory                       : loaded 2 times (x 80B)
Class org.gradle.internal.classloader.VisitableURLClassLoader$Spec                    : loaded 2 times (x 72B)
Class org.gradle.tooling.model.ProjectModel                                           : loaded 2 times (x 68B)
Class org.gradle.internal.installation.GradleInstallation                             : loaded 2 times (x 73B)
Class org.gradle.api.internal.classpath.ModuleRegistry                                : loaded 2 times (x 68B)
Class org.gradle.api.internal.ClassPathProvider                                       : loaded 2 times (x 68B)
Class org.gradle.internal.classloader.ClasspathUtil$1                                 : loaded 2 times (x 74B)
Class org.gradle.internal.classloader.ClassLoaderFactory                              : loaded 2 times (x 68B)
Class org.gradle.api.internal.classpath.ManifestUtil                                  : loaded 2 times (x 69B)
Class org.gradle.api.specs.Spec                                                       : loaded 2 times (x 68B)
Class org.gradle.internal.IoActions                                                   : loaded 2 times (x 69B)
Class org.gradle.api.internal.classpath.EffectiveClassPath                            : loaded 2 times (x 88B)
Class org.gradle.internal.installation.CurrentGradleInstallation                      : loaded 2 times (x 71B)
Class org.gradle.internal.agents.InstrumentingClassLoader                             : loaded 2 times (x 68B)
Class org.gradle.internal.installation.CurrentGradleInstallationLocator               : loaded 2 times (x 69B)
Class org.gradle.api.internal.classpath.Module                                        : loaded 2 times (x 68B)
Class org.gradle.internal.service.CachingServiceLocator                               : loaded 2 times (x 80B)
Class org.gradle.internal.time.Timer                                                  : loaded 2 times (x 68B)
Class org.gradle.internal.classpath.DefaultClassPath                                  : loaded 2 times (x 88B)
Class org.gradle.internal.time.Time                                                   : loaded 2 times (x 69B)
Class org.gradle.internal.time.TimeSource$1                                           : loaded 2 times (x 75B)
Class org.gradle.internal.classloader.SystemClassLoaderSpec                           : loaded 2 times (x 69B)
Class kotlin.Function                                                                 : loaded 2 times (x 68B)
Class org.gradle.api.UncheckedIOException                                             : loaded 2 times (x 80B)
Class org.gradle.internal.time.Clock                                                  : loaded 2 times (x 68B)
Class org.gradle.internal.time.CountdownTimer                                         : loaded 2 times (x 68B)
Class org.gradle.internal.classloader.ClasspathUtil                                   : loaded 2 times (x 69B)
Class org.gradle.api.internal.DefaultClassPathRegistry                                : loaded 2 times (x 74B)
Class org.gradle.api.internal.classpath.DefaultModuleRegistry$DefaultModule           : loaded 2 times (x 84B)
Class org.gradle.internal.time.TimeSource                                             : loaded 2 times (x 68B)
Class org.gradle.api.internal.classpath.UnknownModuleException                        : loaded 2 times (x 80B)
Class org.gradle.internal.service.ServiceLookupException                              : loaded 2 times (x 80B)
Class org.gradle.cache.GlobalCache                                                    : loaded 2 times (x 68B)
Class [Lorg.gradle.api.internal.ClassPathProvider;                                    : loaded 2 times (x 67B)
Class org.gradle.internal.operations.MultipleBuildOperationFailures                   : loaded 2 times (x 85B)
Class org.gradle.util.internal.GUtil                                                  : loaded 2 times (x 69B)
Class org.gradle.internal.classloader.ClassLoaderSpec                                 : loaded 2 times (x 69B)
Class org.gradle.internal.classloader.VisitableURLClassLoader                         : loaded 2 times (x 114B)
Class org.gradle.internal.Cast                                                        : loaded 2 times (x 69B)
Class org.gradle.api.internal.ClassPathRegistry                                       : loaded 2 times (x 68B)
Class org.gradle.internal.classloader.VisitableURLClassLoader$InstrumentingVisitableURLClassLoader: loaded 2 times (x 120B)
Class org.gradle.internal.classloader.ClassLoaderHierarchy                            : loaded 2 times (x 68B)
Class org.gradle.internal.exceptions.MultiCauseException                              : loaded 2 times (x 68B)
Class org.gradle.internal.InternalTransformer                                         : loaded 2 times (x 68B)
Class org.gradle.internal.service.ServiceLocator                                      : loaded 2 times (x 68B)
Class org.gradle.internal.classpath.DefaultClassPath$ImmutableUniqueList              : loaded 2 times (x 159B)
Class org.gradle.internal.time.DefaultTimer                                           : loaded 2 times (x 78B)
Class org.gradle.internal.classpath.TransformedClassPath                              : loaded 2 times (x 94B)


---------------  S Y S T E M  ---------------

OS:
 Windows 11 , 64 bit Build 22621 (10.0.22621.2506)
OS uptime: 0 days 1:38 hours

CPU: total 8 (initial active 8) (4 cores per cpu, 2 threads per core) family 6 model 140 stepping 1 microcode 0x9a, cx8, cmov, fxsr, ht, mmx, 3dnowpref, sse, sse2, sse3, ssse3, sse4.1, sse4.2, popcnt, lzcnt, tsc, tscinvbit, avx, avx2, aes, erms, clmul, bmi1, bmi2, adx, avx512f, avx512dq, avx512cd, avx512bw, avx512vl, sha, fma, vzeroupper, avx512_vpopcntdq, avx512_vpclmulqdq, avx512_vaes, avx512_vnni, clflush, clflushopt, clwb, avx512_vbmi2, avx512_vbmi

Memory: 4k page, system-wide physical 7834M (570M free)
TotalPageFile size 9459M (AvailPageFile size 8M)
current process WorkingSet (physical memory assigned to process): 214M, peak: 214M
current process commit charge ("private bytes"): 255M, peak: 266M

vm_info: OpenJDK 64-Bit Server VM (17.0.7+0-b2043.56-10550314) for windows-amd64 JRE (17.0.7+0-b2043.56-10550314), built on Jul 24 2023 18:27:45 by "androidbuild" with MS VC++ 16.10 / 16.11 (VS2019)

END.
